Component: ARM Compiler 5.06 update 7 (build 960) Tool: armlink [4d3601]

==============================================================================

Section Cross References

    startup_stm32f407xx.o(STACK) refers (Special) to heapauxi.o(.text) for __use_two_region_memory
    startup_stm32f407xx.o(HEAP) refers (Special) to heapauxi.o(.text) for __use_two_region_memory
    startup_stm32f407xx.o(RESET) refers (Special) to heapauxi.o(.text) for __use_two_region_memory
    startup_stm32f407xx.o(RESET) refers to startup_stm32f407xx.o(STACK) for __initial_sp
    startup_stm32f407xx.o(RESET) refers to startup_stm32f407xx.o(.text) for Reset_Handler
    startup_stm32f407xx.o(RESET) refers to stm32f4xx_it.o(i.NMI_Handler) for NMI_Handler
    startup_stm32f407xx.o(RESET) refers to stm32f4xx_it.o(i.HardFault_Handler) for HardFault_Handler
    startup_stm32f407xx.o(RESET) refers to stm32f4xx_it.o(i.MemManage_Handler) for MemManage_Handler
    startup_stm32f407xx.o(RESET) refers to stm32f4xx_it.o(i.BusFault_Handler) for BusFault_Handler
    startup_stm32f407xx.o(RESET) refers to stm32f4xx_it.o(i.UsageFault_Handler) for UsageFault_Handler
    startup_stm32f407xx.o(RESET) refers to stm32f4xx_it.o(i.SVC_Handler) for SVC_Handler
    startup_stm32f407xx.o(RESET) refers to stm32f4xx_it.o(i.DebugMon_Handler) for DebugMon_Handler
    startup_stm32f407xx.o(RESET) refers to stm32f4xx_it.o(i.PendSV_Handler) for PendSV_Handler
    startup_stm32f407xx.o(RESET) refers to stm32f4xx_it.o(i.SysTick_Handler) for SysTick_Handler
    startup_stm32f407xx.o(RESET) refers to stm32f4xx_it.o(i.USART1_IRQHandler) for USART1_IRQHandler
    startup_stm32f407xx.o(RESET) refers to stm32f4xx_it.o(i.USART2_IRQHandler) for USART2_IRQHandler
    startup_stm32f407xx.o(RESET) refers to stm32f4xx_it.o(i.TIM6_DAC_IRQHandler) for TIM6_DAC_IRQHandler
    startup_stm32f407xx.o(.text) refers (Special) to heapauxi.o(.text) for __use_two_region_memory
    startup_stm32f407xx.o(.text) refers to system_stm32f4xx.o(i.SystemInit) for SystemInit
    startup_stm32f407xx.o(.text) refers to __main.o(!!!main) for __main
    startup_stm32f407xx.o(.text) refers to startup_stm32f407xx.o(HEAP) for Heap_Mem
    startup_stm32f407xx.o(.text) refers to startup_stm32f407xx.o(STACK) for Stack_Mem
    main.o(i.SystemClock_Config) refers to rt_memclr_w.o(.text) for __aeabi_memclr4
    main.o(i.SystemClock_Config) refers to stm32f4xx_hal_rcc.o(i.HAL_RCC_OscConfig) for HAL_RCC_OscConfig
    main.o(i.SystemClock_Config) refers to stm32f4xx_hal_rcc.o(i.HAL_RCC_ClockConfig) for HAL_RCC_ClockConfig
    main.o(i.main) refers to stm32f4xx_hal.o(i.HAL_Init) for HAL_Init
    main.o(i.main) refers to main.o(i.SystemClock_Config) for SystemClock_Config
    main.o(i.main) refers to gpio.o(i.MX_GPIO_Init) for MX_GPIO_Init
    main.o(i.main) refers to usart.o(i.MX_USART1_UART_Init) for MX_USART1_UART_Init
    main.o(i.main) refers to tim.o(i.MX_TIM2_Init) for MX_TIM2_Init
    main.o(i.main) refers to tim.o(i.MX_TIM6_Init) for MX_TIM6_Init
    main.o(i.main) refers to adc.o(i.MX_ADC1_Init) for MX_ADC1_Init
    main.o(i.main) refers to tim.o(i.MX_TIM3_Init) for MX_TIM3_Init
    main.o(i.main) refers to usart.o(i.MX_USART2_UART_Init) for MX_USART2_UART_Init
    main.o(i.main) refers to stm32f4xx_hal_tim.o(i.HAL_TIM_Base_Start_IT) for HAL_TIM_Base_Start_IT
    main.o(i.main) refers to stm32f4xx_hal_tim.o(i.HAL_TIM_PWM_Start) for HAL_TIM_PWM_Start
    main.o(i.main) refers to stm32f4xx_hal_uart.o(i.HAL_UART_Receive_IT) for HAL_UART_Receive_IT
    main.o(i.main) refers to movement.o(i.joint2_reset) for joint2_reset
    main.o(i.main) refers to delay.o(i.HAL_Delay) for HAL_Delay
    main.o(i.main) refers to uart.o(i.UART2_Printf) for UART2_Printf
    main.o(i.main) refers to key.o(i.Key_GetNum) for Key_GetNum
    main.o(i.main) refers to stm32f4xx_hal_gpio.o(i.HAL_GPIO_TogglePin) for HAL_GPIO_TogglePin
    main.o(i.main) refers to tim.o(.bss) for htim2
    main.o(i.main) refers to uart.o(.data) for g_uart1_rx_buf
    main.o(i.main) refers to usart.o(.bss) for huart1
    main.o(i.main) refers to main.o(.data) for .data
    gpio.o(i.MX_GPIO_Init) refers to rt_memclr_w.o(.text) for __aeabi_memclr4
    gpio.o(i.MX_GPIO_Init) refers to stm32f4xx_hal_gpio.o(i.HAL_GPIO_WritePin) for HAL_GPIO_WritePin
    gpio.o(i.MX_GPIO_Init) refers to stm32f4xx_hal_gpio.o(i.HAL_GPIO_Init) for HAL_GPIO_Init
    adc.o(i.HAL_ADC_MspDeInit) refers to stm32f4xx_hal_gpio.o(i.HAL_GPIO_DeInit) for HAL_GPIO_DeInit
    adc.o(i.HAL_ADC_MspInit) refers to rt_memclr_w.o(.text) for __aeabi_memclr4
    adc.o(i.HAL_ADC_MspInit) refers to stm32f4xx_hal_gpio.o(i.HAL_GPIO_Init) for HAL_GPIO_Init
    adc.o(i.MX_ADC1_Init) refers to stm32f4xx_hal_adc.o(i.HAL_ADC_Init) for HAL_ADC_Init
    adc.o(i.MX_ADC1_Init) refers to main.o(i.Error_Handler) for Error_Handler
    adc.o(i.MX_ADC1_Init) refers to stm32f4xx_hal_adc.o(i.HAL_ADC_ConfigChannel) for HAL_ADC_ConfigChannel
    adc.o(i.MX_ADC1_Init) refers to adc.o(.bss) for .bss
[...]
    TIM_TI2_ConfigInputStage                 0x08003fab   Thumb Code    36  stm32f4xx_hal_tim.o(i.TIM_TI2_ConfigInputStage)
    i.UART2_Printf                           0x08003fd0   Section        0  uart.o(i.UART2_Printf)
    i.UART_DMAAbortOnError                   0x08004000   Section        0  stm32f4xx_hal_uart.o(i.UART_DMAAbortOnError)
    UART_DMAAbortOnError                     0x08004001   Thumb Code    14  stm32f4xx_hal_uart.o(i.UART_DMAAbortOnError)
    i.UART_EndRxTransfer                     0x0800400e   Section        0  stm32f4xx_hal_uart.o(i.UART_EndRxTransfer)
    UART_EndRxTransfer                       0x0800400f   Thumb Code    78  stm32f4xx_hal_uart.o(i.UART_EndRxTransfer)
    i.UART_Receive_IT                        0x0800405c   Section        0  stm32f4xx_hal_uart.o(i.UART_Receive_IT)
    UART_Receive_IT                          0x0800405d   Thumb Code   194  stm32f4xx_hal_uart.o(i.UART_Receive_IT)
    i.UART_SetConfig                         0x08004120   Section        0  stm32f4xx_hal_uart.o(i.UART_SetConfig)
    UART_SetConfig                           0x08004121   Thumb Code   258  stm32f4xx_hal_uart.o(i.UART_SetConfig)
    i.UART_Start_Receive_IT                  0x0800422c   Section        0  stm32f4xx_hal_uart.o(i.UART_Start_Receive_IT)
    i.UART_WaitOnFlagUntilTimeout            0x08004262   Section        0  stm32f4xx_hal_uart.o(i.UART_WaitOnFlagUntilTimeout)
    UART_WaitOnFlagUntilTimeout              0x08004263   Thumb Code   114  stm32f4xx_hal_uart.o(i.UART_WaitOnFlagUntilTimeout)
    i.USART1_IRQHandler                      0x080042d4   Section        0  stm32f4xx_it.o(i.USART1_IRQHandler)
    i.USART2_IRQHandler                      0x080042e0   Section        0  stm32f4xx_it.o(i.USART2_IRQHandler)
    i.UsageFault_Handler                     0x080042ec   Section        0  stm32f4xx_it.o(i.UsageFault_Handler)
    i.Vision_FeedByte                        0x080042f0   Section        0  uart.o(i.Vision_FeedByte)
    Vision_FeedByte                          0x080042f1   Thumb Code    74  uart.o(i.Vision_FeedByte)
    i.Vision_HandleFrame                     0x08004340   Section        0  uart.o(i.Vision_HandleFrame)
    Vision_HandleFrame                       0x08004341   Thumb Code   354  uart.o(i.Vision_HandleFrame)
    i.__ARM_fpclassify                       0x080044f0   Section        0  fpclassify.o(i.__ARM_fpclassify)
    i.__NVIC_SetPriority                     0x08004520   Section        0  stm32f4xx_hal_cortex.o(i.__NVIC_SetPriority)
    __NVIC_SetPriority                       0x08004521   Thumb Code    32  stm32f4xx_hal_cortex.o(i.__NVIC_SetPriority)
    i._is_digit                              0x08004540   Section        0  __printf_wp.o(i._is_digit)
    i.base_rotate_backward                   0x0800454e   Section        0  movement.o(i.base_rotate_backward)
    i.base_rotate_forward                    0x08004558   Section        0  movement.o(i.base_rotate_forward)
    i.base_stop                              0x08004562   Section        0  movement.o(i.base_stop)
    i.claw_set_angle                         0x0800456c   Section        0  movement.o(i.claw_set_angle)
    i.delay_ms                               0x080045ec   Section        0  delay.o(i.delay_ms)
    i.delay_us                               0x08004624   Section        0  delay.o(i.delay_us)
    i.joint2_reset                           0x08004658   Section        0  movement.o(i.joint2_reset)
    i.joint2_set_angle                       0x08004664   Section        0  movement.o(i.joint2_set_angle)
    i.main                                   0x080046e4   Section        0  main.o(i.main)
    i.process_bluetooth_command              0x08004920   Section        0  uart.o(i.process_bluetooth_command)
    locale$$code                             0x080049b0   Section       44  lc_numeric_c.o(locale$$code)
    locale$$code                             0x080049dc   Section       44  lc_ctype_c.o(locale$$code)
    x$fpl$fpinit                             0x08004a08   Section       10  fpinit.o(x$fpl$fpinit)
    $v0                                      0x08004a08   Number         0  fpinit.o(x$fpl$fpinit)
    x$fpl$printf1                            0x08004a12   Section        4  printf1.o(x$fpl$printf1)
    $v0                                      0x08004a12   Number         0  printf1.o(x$fpl$printf1)
    x$fpl$printf2                            0x08004a16   Section        4  printf2.o(x$fpl$printf2)
    $v0                                      0x08004a16   Number         0  printf2.o(x$fpl$printf2)
    .constdata                               0x08004a1a   Section       16  system_stm32f4xx.o(.constdata)
    x$fpl$usenofp                            0x08004a1a   Section        0  usenofp.o(x$fpl$usenofp)
    .constdata                               0x08004a2a   Section        8  system_stm32f4xx.o(.constdata)
    .constdata                               0x08004a34   Section        8  _printf_wctomb.o(.constdata)
    initial_mbstate                          0x08004a34   Data           8  _printf_wctomb.o(.constdata)
    .constdata                               0x08004a3c   Section       40  _printf_hex_int_ll_ptr.o(.constdata)
    uc_hextab                                0x08004a3c   Data          20  _printf_hex_int_ll_ptr.o(.constdata)
    lc_hextab                                0x08004a50   Data          20  _printf_hex_int_ll_ptr.o(.constdata)
    .constdata                               0x08004a64   Section       17  __printf_flags_ss_wp.o(.constdata)
    maptable                                 0x08004a64   Data          17  __printf_flags_ss_wp.o(.constdata)
    .constdata                               0x08004a75   Section       38  _printf_fp_hex.o(.constdata)
    lc_hextab                                0x08004a75   Data          19  _printf_fp_hex.o(.constdata)
    uc_hextab                                0x08004a88   Data          19  _printf_fp_hex.o(.constdata)
    .constdata                               0x08004a9c   Section      148  bigflt0.o(.constdata)
    tenpwrs_x                                0x08004a9c   Data          60  bigflt0.o(.constdata)
    tenpwrs_i                                0x08004ad8   Data          64  bigflt0.o(.constdata)
    locale$$data                             0x08004b50   Section       28  lc_numeric_c.o(locale$$data)
    __lcnum_c_name                           0x08004b54   Data           2  lc_numeric_c.o(locale$$data)
    __lcnum_c_start                          0x08004b5c   Data           0  lc_numeric_c.o(locale$$data)
    __lcnum_c_point                          0x08004b68   Data           0  lc_numeric_c.o(locale$$data)
    __lcnum_c_thousands                      0x08004b6a   Data           0  lc_numeric_c.o(locale$$data)
    __lcnum_c_grouping                       0x08004b6b   Data           0  lc_numeric_c.o(locale$$data)
    locale$$data                             0x08004b6c   Section      272  lc_ctype_c.o(locale$$data)
    __lcnum_c_end                            0x08004b6c   Data           0  lc_numeric_c.o(locale$$data)
    __lcctype_c_name                         0x08004b70   Data           2  lc_ctype_c.o(locale$$data)
    __lcctype_c_start                        0x08004b78   Data           0  lc_ctype_c.o(locale$$data)
    __lcctype_c_end                          0x08004c7c   Data           0  lc_ctype_c.o(locale$$data)
    .data                                    0x20000000   Section        1  main.o(.data)
    .data                                    0x20000004   Section       12  stm32f4xx_hal.o(.data)
    .data                                    0x20000010   Section        4  system_stm32f4xx.o(.data)
    .data                                    0x20000014   Section        4  delay.o(.data)
    g_fac_us                                 0x20000014   Data           4  delay.o(.data)
    .data                                    0x20000018   Section       26  timer.o(.data)
    count10ms                                0x2000002a   Data           2  timer.o(.data)
    count100ms                               0x2000002c   Data           2  timer.o(.data)
    clawTick                                 0x2000002e   Data           2  timer.o(.data)
    joint2Tick                               0x20000030   Data           2  timer.o(.data)
    .data                                    0x20000032   Section       18  uart.o(.data)
    v_sync                                   0x2000003b   Data           1  uart.o(.data)
    v_idx                                    0x2000003c   Data           1  uart.o(.data)
    v_buf                                    0x2000003d   Data           7  uart.o(.data)
    .data                                    0x20000044   Section        4  uart.o(.data)
    .data                                    0x20000048   Section        4  key.o(.data)
    Count                                    0x20000048   Data           1  key.o(.data)
    CurrState                                0x20000049   Data           1  key.o(.data)
    PrevState                                0x2000004a   Data           1  key.o(.data)
    .bss                                     0x2000004c   Section       72  adc.o(.bss)
    .bss                                     0x20000094   Section      216  tim.o(.bss)
    .bss                                     0x2000016c   Section      144  usart.o(.bss)
    .bss                                     0x200001fc   Section       96  libspace.o(.bss)
    HEAP                                     0x20000260   Section      512  startup_stm32f407xx.o(HEAP)
    Heap_Mem                                 0x20000260   Data         512  startup_stm32f407xx.o(HEAP)
    STACK                                    0x20000460   Section     1024  startup_stm32f407xx.o(STACK)
    Stack_Mem                                0x20000460   Data        1024  startup_stm32f407xx.o(STACK)
    __initial_sp                             0x20000860   Data           0  startup_stm32f407xx.o(STACK)

    Global Symbols

    Symbol Name                              Value     Ov Type        Size  Object(Section)

    BuildAttributes$$THM_ISAv4$E$P$D$K$B$S$7EM$VFPi3$EXTD16$VFPS$VFMA$PE$A:L22UL41UL21$X:L11$S22US41US21$IEEE1$IW$USESV6$~STKCKD$USESV7$~SHL$OTIME$ROPI$IEEEX$EBA8$UX$STANDARDLIB$REQ8$PRES8$EABIv2 0x00000000   Number         0  anon$$obj.o ABSOLUTE
    __ARM_use_no_argv                        0x00000000   Number         0  main.o ABSOLUTE
    _printf_flags                            0x00000000   Number         0  printf_stubs.o ABSOLUTE
    _printf_return_value                     0x00000000   Number         0  printf_stubs.o ABSOLUTE
    _printf_sizespec                         0x00000000   Number         0  printf_stubs.o ABSOLUTE
    _printf_widthprec                        0x00000000   Number         0  printf_stubs.o ABSOLUTE
    __ARM_exceptions_init                     - Undefined Weak Reference
    __alloca_initialize                       - Undefined Weak Reference
    __arm_fini_                               - Undefined Weak Reference
    __arm_preinit_                            - Undefined Weak Reference
    __cpp_initialize__aeabi_                  - Undefined Weak Reference
    __cxa_finalize                            - Undefined Weak Reference
    __sigvec_lookup                           - Undefined Weak Reference
    __user_heap_extent                        - Undefined Weak Reference
    _atexit_init                              - Undefined Weak Reference
    _call_atexit_fns                          - Undefined Weak Reference
    _clock_init                               - Undefined Weak Reference
    _fp_trap_init                             - Undefined Weak Reference
    _fp_trap_shutdown                         - Undefined Weak Reference
    _get_lc_collate                           - Undefined Weak Reference
    _get_lc_monetary                          - Undefined Weak Reference
    _get_lc_time                              - Undefined Weak Reference
    _getenv_init                              - Undefined Weak Reference
    _handle_redirection                       - Undefined Weak Reference
    _mutex_acquire                            - Undefined Weak Reference
    _mutex_free                               - Undefined Weak Reference
    _mutex_release                            - Undefined Weak Reference
    _printf_mbtowc                            - Undefined Weak Reference
    _printf_wc                                - Undefined Weak Reference
    _rand_init                                - Undefined Weak Reference
    _signal_finish                            - Undefined Weak Reference
    _signal_init                              - Undefined Weak Reference
    __Vectors_Size                           0x00000188   Number         0  startup_stm32f407xx.o ABSOLUTE
    __Vectors                                0x08000000   Data           4  startup_stm32f407xx.o(RESET)
    __Vectors_End                            0x08000188   Data           0  startup_stm32f407xx.o(RESET)
    __main                                   0x08000189   Thumb Code     8  __main.o(!!!main)
    __scatterload                            0x08000191   Thumb Code     0  __scatter.o(!!!scatter)
    __scatterload_rt2                        0x08000191   Thumb Code    44  __scatter.o(!!!scatter)
    __scatterload_rt2_thumb_only             0x08000191   Thumb Code     0  __scatter.o(!!!scatter)
    __scatterload_null                       0x0800019f   Thumb Code     0  __scatter.o(!!!scatter)
    __scatterload_copy                       0x080001c5   Thumb Code    26  __scatter_copy.o(!!handler_copy)
    __scatterload_zeroinit                   0x080001e1   Thumb Code    28  __scatter_zi.o(!!handler_zi)
    _printf_n                                0x080001fd   Thumb Code     0  _printf_n.o(.ARM.Collect$$_printf_percent$$00000001)
    _printf_percent                          0x080001fd   Thumb Code     0  _printf_percent.o(.ARM.Collect$$_printf_percent$$00000000)
    _printf_p                                0x08000203   Thumb Code     0  _printf_p.o(.ARM.Collect$$_printf_percent$$00000002)
    _printf_f                                0x08000209   Thumb Code     0  _printf_f.o(.ARM.Collect$$_printf_percent$$00000003)
    _printf_e                                0x0800020f   Thumb Code     0  _printf_e.o(.ARM.Collect$$_printf_percent$$00000004)
    _printf_g                                0x08000215   Thumb Code     0  _printf_g.o(.ARM.Collect$$_printf_percent$$00000005)
    _printf_a                                0x0800021b   Thumb Code     0  _printf_a.o(.ARM.Collect$$_printf_percent$$00000006)
    _printf_ll                               0x08000221   Thumb Code     0  _printf_ll.o(.ARM.Collect$$_printf_percent$$00000007)
    _printf_i                                0x0800022b   Thumb Code     0  _printf_i.o(.ARM.Collect$$_printf_percent$$00000008)
    _printf_d                                0x08000231   Thumb Code     0  _printf_d.o(.ARM.Collect$$_printf_percent$$00000009)
    _printf_u                                0x08000237   Thumb Code     0  _printf_u.o(.ARM.Collect$$_printf_percent$$0000000A)
    _printf_o                                0x0800023d   Thumb Code     0  _printf_o.o(.ARM.Collect$$_printf_percent$$0000000B)
    _printf_x                                0x08000243   Thumb Code     0  _printf_x.o(.ARM.Collect$$_printf_percent$$0000000C)
    _printf_lli                              0x08000249   Thumb Code     0  _printf_lli.o(.ARM.Collect$$_printf_percent$$0000000D)
    _printf_lld                              0x0800024f   Thumb Code     0  _printf_lld.o(.ARM.Collect$$_printf_percent$$0000000E)
    _printf_llu                              0x08000255   Thumb Code     0  _printf_llu.o(.ARM.Collect$$_printf_percent$$0000000F)
    _printf_llo                              0x0800025b   Thumb Code     0  _printf_llo.o(.ARM.Collect$$_printf_percent$$00000010)
    _printf_llx                              0x08000261   Thumb Code     0  _printf_llx.o(.ARM.Collect$$_printf_percent$$00000011)
    _printf_l                                0x08000267   Thumb Code     0  _printf_l.o(.ARM.Collect$$_printf_percent$$00000012)
    _printf_c                                0x08000271   Thumb Code     0  _printf_c.o(.ARM.Collect$$_printf_percent$$00000013)
    _printf_s                                0x08000277   Thumb Code     0  _printf_s.o(.ARM.Collect$$_printf_percent$$00000014)
    _printf_lc                               0x0800027d   Thumb Code     0  _printf_lc.o(.ARM.Collect$$_printf_percent$$00000015)
    _printf_ls                               0x08000283   Thumb Code     0  _printf_ls.o(.ARM.Collect$$_printf_percent$$00000016)
    _printf_percent_end                      0x08000289   Thumb Code     0  _printf_percent_end.o(.ARM.Collect$$_printf_percent$$00000017)
    __rt_lib_init                            0x0800028d   Thumb Code     0  libinit.o(.ARM.Collect$$libinit$$00000000)
    __rt_lib_init_fp_1                       0x0800028f   Thumb Code     0  libinit2.o(.ARM.Collect$$libinit$$00000001)
    __rt_lib_init_heap_1                     0x08000293   Thumb Code     0  libinit2.o(.ARM.Collect$$libinit$$0000000A)
    __rt_lib_init_lc_common                  0x08000293   Thumb Code     0  libinit2.o(.ARM.Collect$$libinit$$0000000F)
    __rt_lib_init_preinit_1                  0x08000293   Thumb Code     0  libinit2.o(.ARM.Collect$$libinit$$00000004)
    __rt_lib_init_rand_1                     0x08000293   Thumb Code     0  libinit2.o(.ARM.Collect$$libinit$$0000000E)
    __rt_lib_init_user_alloc_1               0x08000293   Thumb Code     0  libinit2.o(.ARM.Collect$$libinit$$0000000C)
    __rt_lib_init_lc_collate_1               0x08000299   Thumb Code     0  libinit2.o(.ARM.Collect$$libinit$$00000011)
    __rt_lib_init_lc_ctype_2                 0x08000299   Thumb Code     0  libinit2.o(.ARM.Collect$$libinit$$00000012)
    __rt_lib_init_lc_ctype_1                 0x080002a5   Thumb Code     0  libinit2.o(.ARM.Collect$$libinit$$00000013)
    __rt_lib_init_lc_monetary_1              0x080002a5   Thumb Code     0  libinit2.o(.ARM.Collect$$libinit$$00000015)
    __rt_lib_init_lc_numeric_2               0x080002a5   Thumb Code     0  libinit2.o(.ARM.Collect$$libinit$$00000016)
    __rt_lib_init_alloca_1                   0x080002af   Thumb Code     0  libinit2.o(.ARM.Collect$$libinit$$0000002E)
    __rt_lib_init_argv_1                     0x080002af   Thumb Code     0  libinit2.o(.ARM.Collect$$libinit$$0000002C)
    __rt_lib_init_atexit_1                   0x080002af   Thumb Code     0  libinit2.o(.ARM.Collect$$libinit$$0000001B)
    __rt_lib_init_clock_1                    0x080002af   Thumb Code     0  libinit2.o(.ARM.Collect$$libinit$$00000021)
    __rt_lib_init_cpp_1                      0x080002af   Thumb Code     0  libinit2.o(.ARM.Collect$$libinit$$00000032)
    __rt_lib_init_exceptions_1               0x080002af   Thumb Code     0  libinit2.o(.ARM.Collect$$libinit$$00000030)
    __rt_lib_init_fp_trap_1                  0x080002af   Thumb Code     0  libinit2.o(.ARM.Collect$$libinit$$0000001F)
    __rt_lib_init_getenv_1                   0x080002af   Thumb Code     0  libinit2.o(.ARM.Collect$$libinit$$00000023)
    __rt_lib_init_lc_numeric_1               0x080002af   Thumb Code     0  libinit2.o(.ARM.Collect$$libinit$$00000017)
    __rt_lib_init_lc_time_1                  0x080002af   Thumb Code     0  libinit2.o(.ARM.Collect$$libinit$$00000019)
    __rt_lib_init_return                     0x080002af   Thumb Code     0  libinit2.o(.ARM.Collect$$libinit$$00000033)
    __rt_lib_init_signal_1                   0x080002af   Thumb Code     0  libinit2.o(.ARM.Collect$$libinit$$0000001D)
    __rt_lib_init_stdio_1                    0x080002af   Thumb Code     0  libinit2.o(.ARM.Collect$$libinit$$00000025)
    __rt_lib_shutdown                        0x080002b1   Thumb Code     0  libshutdown.o(.ARM.Collect$$libshutdown$$00000000)
    __rt_lib_shutdown_cpp_1                  0x080002b3   Thumb Code     0  libshutdown2.o(.ARM.Collect$$libshutdown$$00000004)
    __rt_lib_shutdown_fini_1                 0x080002b3   Thumb Code     0  libshutdown2.o(.ARM.Collect$$libshutdown$$00000002)
    __rt_lib_shutdown_fp_trap_1              0x080002b3   Thumb Code     0  libshutdown2.o(.ARM.Collect$$libshutdown$$00000009)
    __rt_lib_shutdown_heap_1                 0x080002b3   Thumb Code     0  libshutdown2.o(.ARM.Collect$$libshutdown$$00000011)
    __rt_lib_shutdown_return                 0x080002b3   Thumb Code     0  libshutdown2.o(.ARM.Collect$$libshutdown$$00000012)
    __rt_lib_shutdown_signal_1               0x080002b3   Thumb Code     0  libshutdown2.o(.ARM.Collect$$libshutdown$$0000000C)
    __rt_lib_shutdown_stdio_1                0x080002b3   Thumb Code     0  libshutdown2.o(.ARM.Collect$$libshutdown$$00000006)
    __rt_lib_shutdown_user_alloc_1           0x080002b3   Thumb Code     0  libshutdown2.o(.ARM.Collect$$libshutdown$$0000000E)
    __rt_entry                               0x080002b5   Thumb Code     0  __rtentry.o(.ARM.Collect$$rtentry$$00000000)
    __rt_entry_presh_1                       0x080002b5   Thumb Code     0  __rtentry2.o(.ARM.Collect$$rtentry$$00000002)
    __rt_entry_sh                            0x080002b5   Thumb Code     0  __rtentry4.o(.ARM.Collect$$rtentry$$00000004)
    __rt_entry_li                            0x080002bb   Thumb Code     0  __rtentry2.o(.ARM.Collect$$rtentry$$0000000A)
    __rt_entry_postsh_1                      0x080002bb   Thumb Code     0  __rtentry2.o(.ARM.Collect$$rtentry$$00000009)
    __rt_entry_main                          0x080002bf   Thumb Code     0  __rtentry2.o(.ARM.Collect$$rtentry$$0000000D)
    __rt_entry_postli_1                      0x080002bf   Thumb Code     0  __rtentry2.o(.ARM.Collect$$rtentry$$0000000C)
    __rt_exit                                0x080002c7   Thumb Code     0  rtexit.o(.ARM.Collect$$rtexit$$00000000)
    __rt_exit_ls                             0x080002c9   Thumb Code     0  rtexit2.o(.ARM.Collect$$rtexit$$00000003)
    __rt_exit_prels_1                        0x080002c9   Thumb Code     0  rtexit2.o(.ARM.Collect$$rtexit$$00000002)
    __rt_exit_exit                           0x080002cd   Thumb Code     0  rtexit2.o(.ARM.Collect$$rtexit$$00000004)
    Reset_Handler                            0x080002d5   Thumb Code     8  startup_stm32f407xx.o(.text)
    ADC_IRQHandler                           0x080002ef   Thumb Code     0  startup_stm32f407xx.o(.text)
    CAN1_RX0_IRQHandler                      0x080002ef   Thumb Code     0  startup_stm32f407xx.o(.text)
    CAN1_RX1_IRQHandler                      0x080002ef   Thumb Code     0  startup_stm32f407xx.o(.text)
    CAN1_SCE_IRQHandler                      0x080002ef   Thumb Code     0  startup_stm32f407xx.o(.text)
    CAN1_TX_IRQHandler                       0x080002ef   Thumb Code     0  startup_stm32f407xx.o(.text)
    CAN2_RX0_IRQHandler                      0x080002ef   Thumb Code     0  startup_stm32f407xx.o(.text)
    CAN2_RX1_IRQHandler                      0x080002ef   Thumb Code     0  startup_stm32f407xx.o(.text)
    CAN2_SCE_IRQHandler                      0x080002ef   Thumb Code     0  startup_stm32f407xx.o(.text)
    CAN2_TX_IRQHandler                       0x080002ef   Thumb Code     0  startup_stm32f407xx.o(.text)
    DCMI_IRQHandler                          0x080002ef   Thumb Code     0  startup_stm32f407xx.o(.text)
    DMA1_Stream0_IRQHandler                  0x080002ef   Thumb Code     0  startup_stm32f407xx.o(.text)
    DMA1_Stream1_IRQHandler                  0x080002ef   Thumb Code     0  startup_stm32f407xx.o(.text)
    DMA1_Stream2_IRQHandler                  0x080002ef   Thumb Code     0  startup_stm32f407xx.o(.text)
    DMA1_Stream3_IRQHandler                  0x080002ef   Thumb Code     0  startup_stm32f407xx.o(.text)
    DMA1_Stream4_IRQHandler                  0x080002ef   Thumb Code     0  startup_stm32f407xx.o(.text)
    DMA1_Stream5_IRQHandler                  0x080002ef   Thumb Code     0  startup_stm32f407xx.o(.text)
    DMA1_Stream6_IRQHandler                  0x080002ef   Thumb Code     0  startup_stm32f407xx.o(.text)
    DMA1_Stream7_IRQHandler                  0x080002ef   Thumb Code     0  startup_stm32f407xx.o(.text)
    DMA2_Stream0_IRQHandler                  0x080002ef   Thumb Code     0  startup_stm32f407xx.o(.text)
    DMA2_Stream1_IRQHandler                  0x080002ef   Thumb Code     0  startup_stm32f407xx.o(.text)
    DMA2_Stream2_IRQHandler                  0x080002ef   Thumb Code     0  startup_stm32f407xx.o(.text)
    DMA2_Stream3_IRQHandler                  0x080002ef   Thumb Code     0  startup_stm32f407xx.o(.text)
    DMA2_Stream4_IRQHandler                  0x080002ef   Thumb Code     0  startup_stm32f407xx.o(.text)
    DMA2_Stream5_IRQHandler                  0x080002ef   Thumb Code     0  startup_stm32f407xx.o(.text)
    DMA2_Stream6_IRQHandler                  0x080002ef   Thumb Code     0  startup_stm32f407xx.o(.text)
    DMA2_Stream7_IRQHandler                  0x080002ef   Thumb Code     0  startup_stm32f407xx.o(.text)
    ETH_IRQHandler                           0x080002ef   Thumb Code     0  startup_stm32f407xx.o(.text)
    ETH_WKUP_IRQHandler                      0x080002ef   Thumb Code     0  startup_stm32f407xx.o(.text)
    EXTI0_IRQHandler                         0x080002ef   Thumb Code     0  startup_stm32f407xx.o(.text)
    EXTI15_10_IRQHandler                     0x080002ef   Thumb Code     0  startup_stm32f407xx.o(.text)
    EXTI1_IRQHandler                         0x080002ef   Thumb Code     0  startup_stm32f407xx.o(.text)
    EXTI2_IRQHandler                         0x080002ef   Thumb Code     0  startup_stm32f407xx.o(.text)
    EXTI3_IRQHandler                         0x080002ef   Thumb Code     0  startup_stm32f407xx.o(.text)
    EXTI4_IRQHandler                         0x080002ef   Thumb Code     0  startup_stm32f407xx.o(.text)
    EXTI9_5_IRQHandler                       0x080002ef   Thumb Code     0  startup_stm32f407xx.o(.text)
    FLASH_IRQHandler                         0x080002ef   Thumb Code     0  startup_stm32f407xx.o(.text)
    FMC_IRQHandler                           0x080002ef   Thumb Code     0  startup_stm32f407xx.o(.text)
    FPU_IRQHandler                           0x080002ef   Thumb Code     0  startup_stm32f407xx.o(.text)
    HASH_RNG_IRQHandler                      0x080002ef   Thumb Code     0  startup_stm32f407xx.o(.text)
    I2C1_ER_IRQHandler                       0x080002ef   Thumb Code     0  startup_stm32f407xx.o(.text)
    I2C1_EV_IRQHandler                       0x080002ef   Thumb Code     0  startup_stm32f407xx.o(.text)
    I2C2_ER_IRQHandler                       0x080002ef   Thumb Code     0  startup_stm32f407xx.o(.text)
    I2C2_EV_IRQHandler                       0x080002ef   Thumb Code     0  startup_stm32f407xx.o(.text)
    I2C3_ER_IRQHandler                       0x080002ef   Thumb Code     0  startup_stm32f407xx.o(.text)
    I2C3_EV_IRQHandler                       0x080002ef   Thumb Code     0  startup_stm32f407xx.o(.text)
    OTG_FS_IRQHandler                        0x080002ef   Thumb Code     0  startup_stm32f407xx.o(.text)
    OTG_FS_WKUP_IRQHandler                   0x080002ef   Thumb Code     0  startup_stm32f407xx.o(.text)
    OTG_HS_EP1_IN_IRQHandler                 0x080002ef   Thumb Code     0  startup_stm32f407xx.o(.text)
    OTG_HS_EP1_OUT_IRQHandler                0x080002ef   Thumb Code     0  startup_stm32f407xx.o(.text)
    OTG_HS_IRQHandler                        0x080002ef   Thumb Code     0  startup_stm32f407xx.o(.text)
    OTG_HS_WKUP_IRQHandler                   0x080002ef   Thumb Code     0  startup_stm32f407xx.o(.text)
    PVD_IRQHandler                           0x080002ef   Thumb Code     0  startup_stm32f407xx.o(.text)
    RCC_IRQHandler                           0x080002ef   Thumb Code     0  startup_stm32f407xx.o(.text)
    RTC_Alarm_IRQHandler                     0x080002ef   Thumb Code     0  startup_stm32f407xx.o(.text)
    RTC_WKUP_IRQHandler                      0x080002ef   Thumb Code     0  startup_stm32f407xx.o(.text)
    SDIO_IRQHandler                          0x080002ef   Thumb Code     0  startup_stm32f407xx.o(.text)
    SPI1_IRQHandler                          0x080002ef   Thumb Code     0  startup_stm32f407xx.o(.text)
    SPI2_IRQHandler                          0x080002ef   Thumb Code     0  startup_stm32f407xx.o(.text)
    SPI3_IRQHandler                          0x080002ef   Thumb Code     0  startup_stm32f407xx.o(.text)
    TAMP_STAMP_IRQHandler                    0x080002ef   Thumb Code     0  startup_stm32f407xx.o(.text)
    TIM1_BRK_TIM9_IRQHandler                 0x080002ef   Thumb Code     0  startup_stm32f407xx.o(.text)
    TIM1_CC_IRQHandler                       0x080002ef   Thumb Code     0  startup_stm32f407xx.o(.text)
    TIM1_TRG_COM_TIM11_IRQHandler            0x080002ef   Thumb Code     0  startup_stm32f407xx.o(.text)
    TIM1_UP_TIM10_IRQHandler                 0x080002ef   Thumb Code     0  startup_stm32f407xx.o(.text)
    TIM2_IRQHandler                          0x080002ef   Thumb Code     0  startup_stm32f407xx.o(.text)
    TIM3_IRQHandler                          0x080002ef   Thumb Code     0  startup_stm32f407xx.o(.text)
    TIM4_IRQHandler                          0x080002ef   Thumb Code     0  startup_stm32f407xx.o(.text)
    TIM5_IRQHandler                          0x080002ef   Thumb Code     0  startup_stm32f407xx.o(.text)
    TIM7_IRQHandler                          0x080002ef   Thumb Code     0  startup_stm32f407xx.o(.text)
    TIM8_BRK_TIM12_IRQHandler                0x080002ef   Thumb Code     0  startup_stm32f407xx.o(.text)
    TIM8_CC_IRQHandler                       0x080002ef   Thumb Code     0  startup_stm32f407xx.o(.text)
    TIM8_TRG_COM_TIM14_IRQHandler            0x080002ef   Thumb Code     0  startup_stm32f407xx.o(.text)
    TIM8_UP_TIM13_IRQHandler                 0x080002ef   Thumb Code     0  startup_stm32f407xx.o(.text)
    UART4_IRQHandler                         0x080002ef   Thumb Code     0  startup_stm32f407xx.o(.text)
    UART5_IRQHandler                         0x080002ef   Thumb Code     0  startup_stm32f407xx.o(.text)
    USART3_IRQHandler                        0x080002ef   Thumb Code     0  startup_stm32f407xx.o(.text)
    USART6_IRQHandler                        0x080002ef   Thumb Code     0  startup_stm32f407xx.o(.text)
    WWDG_IRQHandler                          0x080002ef   Thumb Code     0  startup_stm32f407xx.o(.text)
    __user_initial_stackheap                 0x080002f1   Thumb Code     0  startup_stm32f407xx.o(.text)
    __aeabi_uldivmod                         0x08000315   Thumb Code     0  lludivv7m.o(.text)
    _ll_udiv                                 0x08000315   Thumb Code   238  lludivv7m.o(.text)
    vsnprintf                                0x08000405   Thumb Code    48  vsnprintf.o(.text)
    strlen                                   0x08000439   Thumb Code    62  strlen.o(.text)
    __aeabi_memclr4                          0x08000477   Thumb Code     0  rt_memclr_w.o(.text)
    __aeabi_memclr8                          0x08000477   Thumb Code     0  rt_memclr_w.o(.text)
    __rt_memclr_w                            0x08000477   Thumb Code    78  rt_memclr_w.o(.text)
    _memset_w                                0x0800047b   Thumb Code     0  rt_memclr_w.o(.text)
    __use_two_region_memory                  0x080004c5   Thumb Code     2  heapauxi.o(.text)
    __rt_heap_escrow                         0x080004c7   Thumb Code     2  heapauxi.o(.text)
    __rt_heap_expand                         0x080004c9   Thumb Code     2  heapauxi.o(.text)
    _printf_pre_padding                      0x080004cb   Thumb Code    44  _printf_pad.o(.text)
    _printf_post_padding                     0x080004f7   Thumb Code    34  _printf_pad.o(.text)
    _printf_truncate_signed                  0x08000519   Thumb Code    18  _printf_truncate.o(.text)
    _printf_truncate_unsigned                0x0800052b   Thumb Code    18  _printf_truncate.o(.text)
    _printf_str                              0x0800053d   Thumb Code    82  _printf_str.o(.text)
    _printf_int_dec                          0x08000591   Thumb Code   104  _printf_dec.o(.text)
    _printf_charcount                        0x08000609   Thumb Code    40  _printf_charcount.o(.text)
    _printf_char_common                      0x0800063b   Thumb Code    32  _printf_char_common.o(.text)
    _sputc                                   0x08000661   Thumb Code    10  _sputc.o(.text)
    _snputc                                  0x0800066b   Thumb Code    16  _snputc.o(.text)
    _printf_wctomb                           0x0800067d   Thumb Code   182  _printf_wctomb.o(.text)
    _printf_longlong_dec                     0x08000739   Thumb Code   108  _printf_longlong_dec.o(.text)
    _printf_longlong_oct                     0x080007b5   Thumb Code    66  _printf_oct_int_ll.o(.text)
    _printf_int_oct                          0x080007f7   Thumb Code    24  _printf_oct_int_ll.o(.text)
    _printf_ll_oct                           0x0800080f   Thumb Code    12  _printf_oct_int_ll.o(.text)
    _printf_longlong_hex                     0x08000825   Thumb Code    86  _printf_hex_int_ll_ptr.o(.text)
    _printf_int_hex                          0x0800087b   Thumb Code    28  _printf_hex_int_ll_ptr.o(.text)
    _printf_ll_hex                           0x08000897   Thumb Code    12  _printf_hex_int_ll_ptr.o(.text)
    _printf_hex_ptr                          0x080008a3   Thumb Code    18  _printf_hex_int_ll_ptr.o(.text)
    __printf                                 0x080008b9   Thumb Code   388  __printf_flags_ss_wp.o(.text)
    _ll_udiv10                               0x08000a41   Thumb Code   138  lludiv10.o(.text)
    _printf_int_common                       0x08000acb   Thumb Code   178  _printf_intcommon.o(.text)
    __lib_sel_fp_printf                      0x08000b7d   Thumb Code     2  _printf_fp_dec.o(.text)
    _printf_fp_dec_real                      0x08000d2f   Thumb Code   620  _printf_fp_dec.o(.text)
    _printf_fp_hex_real                      0x08000f9d   Thumb Code   756  _printf_fp_hex.o(.text)
    _printf_cs_common                        0x08001299   Thumb Code    20  _printf_char.o(.text)
    _printf_char                             0x080012ad   Thumb Code    16  _printf_char.o(.text)
    _printf_string                           0x080012bd   Thumb Code     8  _printf_char.o(.text)
    _printf_lcs_common                       0x080012c5   Thumb Code    20  _printf_wchar.o(.text)
    _printf_wchar                            0x080012d9   Thumb Code    16  _printf_wchar.o(.text)
    _printf_wstring                          0x080012e9   Thumb Code     8  _printf_wchar.o(.text)
    _wcrtomb                                 0x080012f1   Thumb Code    64  _wcrtomb.o(.text)
    __user_libspace                          0x08001331   Thumb Code     8  libspace.o(.text)
    __user_perproc_libspace                  0x08001331   Thumb Code     0  libspace.o(.text)
    __user_perthread_libspace                0x08001331   Thumb Code     0  libspace.o(.text)
    __user_setup_stackheap                   0x08001339   Thumb Code    74  sys_stackheap_outer.o(.text)
    __rt_ctype_table                         0x08001385   Thumb Code    16  rt_ctype_table.o(.text)
    __rt_locale                              0x08001395   Thumb Code     8  rt_locale_intlibspace.o(.text)
    _printf_fp_infnan                        0x0800139d   Thumb Code   112  _printf_fp_infnan.o(.text)
    _btod_etento                             0x0800141d   Thumb Code   224  bigflt0.o(.text)
    exit                                     0x08001501   Thumb Code    18  exit.o(.text)
    __I$use$semihosting                      0x08001513   Thumb Code     0  use_no_semi.o(.text)
    __use_no_semihosting_swi                 0x08001513   Thumb Code     2  use_no_semi.o(.text)
    __semihosting_library_function           0x08001515   Thumb Code     0  indicate_semi.o(.text)
    strcmp                                   0x08001515   Thumb Code   128  strcmpv7m.o(.text)
    _sys_exit                                0x08001595   Thumb Code     8  sys_exit.o(.text)
    _btod_d2e                                0x080015a1   Thumb Code    62  btod.o(CL$$btod_d2e)
    _d2e_denorm_low                          0x080015df   Thumb Code    70  btod.o(CL$$btod_d2e_denorm_low)
    _d2e_norm_op1                            0x08001625   Thumb Code    96  btod.o(CL$$btod_d2e_norm_op1)
    __btod_div_common                        0x08001685   Thumb Code   696  btod.o(CL$$btod_div_common)
    _e2e                                     0x080019bd   Thumb Code   220  btod.o(CL$$btod_e2e)
    _btod_ediv                               0x08001a99   Thumb Code    42  btod.o(CL$$btod_ediv)
    _btod_emul                               0x08001ac3   Thumb Code    42  btod.o(CL$$btod_emul)
    __btod_mult_common                       0x08001aed   Thumb Code   580  btod.o(CL$$btod_mult_common)
    BusFault_Handler                         0x08001e59   Thumb Code     2  stm32f4xx_it.o(i.BusFault_Handler)
    DebugMon_Handler                         0x08001e5b   Thumb Code     2  stm32f4xx_it.o(i.DebugMon_Handler)
    Error_Handler                            0x08001e5d   Thumb Code     4  main.o(i.Error_Handler)
    HAL_ADC_ConfigChannel                    0x08001e61   Thumb Code   316  stm32f4xx_hal_adc.o(i.HAL_ADC_ConfigChannel)
    HAL_ADC_Init                             0x08001fad   Thumb Code    84  stm32f4xx_hal_adc.o(i.HAL_ADC_Init)
    HAL_ADC_MspInit                          0x08002001   Thumb Code    84  adc.o(i.HAL_ADC_MspInit)
    HAL_DMA_Abort                            0x08002061   Thumb Code   146  stm32f4xx_hal_dma.o(i.HAL_DMA_Abort)
    HAL_DMA_Abort_IT                         0x080020f3   Thumb Code    36  stm32f4xx_hal_dma.o(i.HAL_DMA_Abort_IT)
    HAL_Delay                                0x08002117   Thumb Code     6  delay.o(i.HAL_Delay)
    HAL_GPIO_Init                            0x0800211d   Thumb Code   450  stm32f4xx_hal_gpio.o(i.HAL_GPIO_Init)
    HAL_GPIO_ReadPin                         0x0800230d   Thumb Code    10  stm32f4xx_hal_gpio.o(i.HAL_GPIO_ReadPin)
    HAL_GPIO_TogglePin                       0x08002317   Thumb Code    16  stm32f4xx_hal_gpio.o(i.HAL_GPIO_TogglePin)
    HAL_GPIO_WritePin                        0x08002327   Thumb Code    10  stm32f4xx_hal_gpio.o(i.HAL_GPIO_WritePin)
    HAL_GetTick                              0x08002331   Thumb Code     6  stm32f4xx_hal.o(i.HAL_GetTick)
    HAL_IncTick                              0x0800233d   Thumb Code    12  stm32f4xx_hal.o(i.HAL_IncTick)
    HAL_Init                                 0x0800234d   Thumb Code    48  stm32f4xx_hal.o(i.HAL_Init)
    HAL_InitTick                             0x08002381   Thumb Code    54  stm32f4xx_hal.o(i.HAL_InitTick)
    HAL_MspInit                              0x080023c1   Thumb Code    42  stm32f4xx_hal_msp.o(i.HAL_MspInit)
    HAL_NVIC_DisableIRQ                      0x080023f1   Thumb Code    34  stm32f4xx_hal_cortex.o(i.HAL_NVIC_DisableIRQ)
    HAL_NVIC_EnableIRQ                       0x08002413   Thumb Code    26  stm32f4xx_hal_cortex.o(i.HAL_NVIC_EnableIRQ)
    HAL_NVIC_SetPriority                     0x0800242d   Thumb Code    60  stm32f4xx_hal_cortex.o(i.HAL_NVIC_SetPriority)
    HAL_NVIC_SetPriorityGrouping             0x0800246d   Thumb Code    26  stm32f4xx_hal_cortex.o(i.HAL_NVIC_SetPriorityGrouping)
    HAL_RCC_ClockConfig                      0x08002491   Thumb Code   288  stm32f4xx_hal_rcc.o(i.HAL_RCC_ClockConfig)
    HAL_RCC_GetPCLK1Freq                     0x080025c5   Thumb Code    20  stm32f4xx_hal_rcc.o(i.HAL_RCC_GetPCLK1Freq)
    HAL_RCC_GetPCLK2Freq                     0x080025e5   Thumb Code    20  stm32f4xx_hal_rcc.o(i.HAL_RCC_GetPCLK2Freq)
    HAL_RCC_GetSysClockFreq                  0x08002605   Thumb Code    88  stm32f4xx_hal_rcc.o(i.HAL_RCC_GetSysClockFreq)
    HAL_RCC_OscConfig                        0x08002669   Thumb Code   856  stm32f4xx_hal_rcc.o(i.HAL_RCC_OscConfig)
    HAL_SYSTICK_Config                       0x080029d5   Thumb Code    40  stm32f4xx_hal_cortex.o(i.HAL_SYSTICK_Config)
    HAL_TIMEx_BreakCallback                  0x080029fd   Thumb Code     2  stm32f4xx_hal_tim_ex.o(i.HAL_TIMEx_BreakCallback)
    HAL_TIMEx_CommutCallback                 0x080029ff   Thumb Code     2  stm32f4xx_hal_tim_ex.o(i.HAL_TIMEx_CommutCallback)
    HAL_TIMEx_MasterConfigSynchronization    0x08002a01   Thumb Code   116  stm32f4xx_hal_tim_ex.o(i.HAL_TIMEx_MasterConfigSynchronization)
    HAL_TIM_Base_Init                        0x08002a91   Thumb Code    90  stm32f4xx_hal_tim.o(i.HAL_TIM_Base_Init)
    HAL_TIM_Base_MspInit                     0x08002aed   Thumb Code    94  tim.o(i.HAL_TIM_Base_MspInit)
    HAL_TIM_Base_Start_IT                    0x08002b59   Thumb Code   100  stm32f4xx_hal_tim.o(i.HAL_TIM_Base_Start_IT)
    HAL_TIM_ConfigClockSource                0x08002bd9   Thumb Code   220  stm32f4xx_hal_tim.o(i.HAL_TIM_ConfigClockSource)
    HAL_TIM_IC_CaptureCallback               0x08002cb5   Thumb Code     2  stm32f4xx_hal_tim.o(i.HAL_TIM_IC_CaptureCallback)
    HAL_TIM_IRQHandler                       0x08002cb7   Thumb Code   304  stm32f4xx_hal_tim.o(i.HAL_TIM_IRQHandler)
    HAL_TIM_MspPostInit                      0x08002de9   Thumb Code   146  tim.o(i.HAL_TIM_MspPostInit)
    HAL_TIM_OC_DelayElapsedCallback          0x08002e8d   Thumb Code     2  stm32f4xx_hal_tim.o(i.HAL_TIM_OC_DelayElapsedCallback)
    HAL_TIM_PWM_ConfigChannel                0x08002e8f   Thumb Code   204  stm32f4xx_hal_tim.o(i.HAL_TIM_PWM_ConfigChannel)
    HAL_TIM_PWM_Init                         0x08002f5b   Thumb Code    90  stm32f4xx_hal_tim.o(i.HAL_TIM_PWM_Init)
    HAL_TIM_PWM_MspInit                      0x08002fb5   Thumb Code     2  stm32f4xx_hal_tim.o(i.HAL_TIM_PWM_MspInit)
    HAL_TIM_PWM_PulseFinishedCallback        0x08002fb7   Thumb Code     2  stm32f4xx_hal_tim.o(i.HAL_TIM_PWM_PulseFinishedCallback)
    HAL_TIM_PWM_Start                        0x08002fb9   Thumb Code   172  stm32f4xx_hal_tim.o(i.HAL_TIM_PWM_Start)
    HAL_TIM_PeriodElapsedCallback            0x08003081   Thumb Code   462  timer.o(i.HAL_TIM_PeriodElapsedCallback)
    HAL_TIM_TriggerCallback                  0x0800327d   Thumb Code     2  stm32f4xx_hal_tim.o(i.HAL_TIM_TriggerCallback)
    HAL_UARTEx_RxEventCallback               0x0800327f   Thumb Code     2  stm32f4xx_hal_uart.o(i.HAL_UARTEx_RxEventCallback)
    HAL_UART_ErrorCallback                   0x08003281   Thumb Code     2  stm32f4xx_hal_uart.o(i.HAL_UART_ErrorCallback)
    HAL_UART_IRQHandler                      0x08003285   Thumb Code   636  stm32f4xx_hal_uart.o(i.HAL_UART_IRQHandler)
    HAL_UART_Init                            0x08003505   Thumb Code   100  stm32f4xx_hal_uart.o(i.HAL_UART_Init)
    HAL_UART_MspInit                         0x08003569   Thumb Code   184  usart.o(i.HAL_UART_MspInit)
    HAL_UART_Receive_IT                      0x08003635   Thumb Code    28  stm32f4xx_hal_uart.o(i.HAL_UART_Receive_IT)
    HAL_UART_RxCpltCallback                  0x08003651   Thumb Code    66  uart.o(i.HAL_UART_RxCpltCallback)
    HAL_UART_Transmit                        0x080036a9   Thumb Code   160  stm32f4xx_hal_uart.o(i.HAL_UART_Transmit)
    HAL_UART_TxCpltCallback                  0x08003749   Thumb Code     2  stm32f4xx_hal_uart.o(i.HAL_UART_TxCpltCallback)
    HardFault_Handler                        0x0800374b   Thumb Code     2  stm32f4xx_it.o(i.HardFault_Handler)
    Key_GetNum                               0x080037a5   Thumb Code    14  key.o(i.Key_GetNum)
    Key_GetState                             0x080037b9   Thumb Code    50  key.o(i.Key_GetState)
    Key_Tick                                 0x080037f1   Thumb Code    44  key.o(i.Key_Tick)
    MX_ADC1_Init                             0x08003821   Thumb Code    88  adc.o(i.MX_ADC1_Init)
    MX_GPIO_Init                             0x08003885   Thumb Code   186  gpio.o(i.MX_GPIO_Init)
    MX_TIM2_Init                             0x0800394d   Thumb Code   178  tim.o(i.MX_TIM2_Init)
    MX_TIM3_Init                             0x08003a05   Thumb Code   176  tim.o(i.MX_TIM3_Init)
    MX_TIM6_Init                             0x08003abd   Thumb Code    60  tim.o(i.MX_TIM6_Init)
    MX_USART1_UART_Init                      0x08003b01   Thumb Code    48  usart.o(i.MX_USART1_UART_Init)
    MX_USART2_UART_Init                      0x08003b39   Thumb Code    48  usart.o(i.MX_USART2_UART_Init)
    MemManage_Handler                        0x08003b71   Thumb Code     2  stm32f4xx_it.o(i.MemManage_Handler)
    NMI_Handler                              0x08003b73   Thumb Code     2  stm32f4xx_it.o(i.NMI_Handler)
    PendSV_Handler                           0x08003b75   Thumb Code     2  stm32f4xx_it.o(i.PendSV_Handler)
    SVC_Handler                              0x08003b77   Thumb Code     2  stm32f4xx_it.o(i.SVC_Handler)
    Servo_360mode                            0x08003b79   Thumb Code    28  servo.o(i.Servo_360mode)
    Servo_Cancel_Timed                       0x08003b99   Thumb Code    36  servo.o(i.Servo_Cancel_Timed)
    Servo_Rotate_Angle_Timed                 0x08003bcd   Thumb Code    94  servo.o(i.Servo_Rotate_Angle_Timed)
    SysTick_Handler                          0x08003c41   Thumb Code     4  stm32f4xx_it.o(i.SysTick_Handler)
    SystemClock_Config                       0x08003c45   Thumb Code   140  main.o(i.SystemClock_Config)
    SystemInit                               0x08003cd9   Thumb Code    12  system_stm32f4xx.o(i.SystemInit)
    TIM6_DAC_IRQHandler                      0x08003ce9   Thumb Code     6  stm32f4xx_it.o(i.TIM6_DAC_IRQHandler)
    TIM_Base_SetConfig                       0x08003cf5   Thumb Code   164  stm32f4xx_hal_tim.o(i.TIM_Base_SetConfig)
    TIM_CCxChannelCmd                        0x08003dc5   Thumb Code    26  stm32f4xx_hal_tim.o(i.TIM_CCxChannelCmd)
    TIM_ETR_SetConfig                        0x08003ddf   Thumb Code    20  stm32f4xx_hal_tim.o(i.TIM_ETR_SetConfig)
    TIM_OC2_SetConfig                        0x08003e65   Thumb Code    98  stm32f4xx_hal_tim.o(i.TIM_OC2_SetConfig)
    UART2_Printf                             0x08003fd1   Thumb Code    44  uart.o(i.UART2_Printf)
    UART_Start_Receive_IT                    0x0800422d   Thumb Code    54  stm32f4xx_hal_uart.o(i.UART_Start_Receive_IT)
    USART1_IRQHandler                        0x080042d5   Thumb Code     6  stm32f4xx_it.o(i.USART1_IRQHandler)
    USART2_IRQHandler                        0x080042e1   Thumb Code     6  stm32f4xx_it.o(i.USART2_IRQHandler)
    UsageFault_Handler                       0x080042ed   Thumb Code     2  stm32f4xx_it.o(i.UsageFault_Handler)
    __ARM_fpclassify                         0x080044f1   Thumb Code    48  fpclassify.o(i.__ARM_fpclassify)
    _is_digit                                0x08004541   Thumb Code    14  __printf_wp.o(i._is_digit)
    base_rotate_backward                     0x0800454f   Thumb Code    10  movement.o(i.base_rotate_backward)
    base_rotate_forward                      0x08004559   Thumb Code    10  movement.o(i.base_rotate_forward)
    base_stop                                0x08004563   Thumb Code    10  movement.o(i.base_stop)
    claw_set_angle                           0x0800456d   Thumb Code    98  movement.o(i.claw_set_angle)
    delay_ms                                 0x080045ed   Thumb Code    54  delay.o(i.delay_ms)
    delay_us                                 0x08004625   Thumb Code    48  delay.o(i.delay_us)
    joint2_reset                             0x08004659   Thumb Code     8  movement.o(i.joint2_reset)
    joint2_set_angle                         0x08004665   Thumb Code    90  movement.o(i.joint2_set_angle)
    main                                     0x080046e5   Thumb Code   262  main.o(i.main)
    process_bluetooth_command                0x08004921   Thumb Code   134  uart.o(i.process_bluetooth_command)
    _get_lc_numeric                          0x080049b1   Thumb Code    44  lc_numeric_c.o(locale$$code)
    _get_lc_ctype                            0x080049dd   Thumb Code    44  lc_ctype_c.o(locale$$code)
    _fp_init                                 0x08004a09   Thumb Code    10  fpinit.o(x$fpl$fpinit)
    __fplib_config_fpu_vfp                   0x08004a11   Thumb Code     0  fpinit.o(x$fpl$fpinit)
    __fplib_config_pureend_doubles           0x08004a11   Thumb Code     0  fpinit.o(x$fpl$fpinit)
    _printf_fp_dec                           0x08004a13   Thumb Code     4  printf1.o(x$fpl$printf1)
    _printf_fp_hex                           0x08004a17   Thumb Code     4  printf2.o(x$fpl$printf2)
    AHBPrescTable                            0x08004a1a   Data          16  system_stm32f4xx.o(.constdata)
    __I$use$fp                               0x08004a1a   Number         0  usenofp.o(x$fpl$usenofp)
    APBPrescTable                            0x08004a2a   Data           8  system_stm32f4xx.o(.constdata)
    Region$$Table$$Base                      0x08004b30   Number         0  anon$$obj.o(Region$$Table)
    Region$$Table$$Limit                     0x08004b50   Number         0  anon$$obj.o(Region$$Table)
    __ctype                                  0x08004b79   Data           0  lc_ctype_c.o(locale$$data)
    g_data_update_flag                       0x20000000   Data           1  main.o(.data)
    uwTickFreq                               0x20000004   Data           1  stm32f4xx_hal.o(.data)
    uwTickPrio                               0x20000008   Data           4  stm32f4xx_hal.o(.data)
    uwTick                                   0x2000000c   Data           4  stm32f4xx_hal.o(.data)
    SystemCoreClock                          0x20000010   Data           4  system_stm32f4xx.o(.data)
    g_claw_moving                            0x20000018   Data           1  timer.o(.data)
    g_joint2_moving                          0x20000019   Data           1  timer.o(.data)
    g_servo_rotating                         0x2000001a   Data           2  timer.o(.data)
    g_servo_target_ms                        0x2000001c   Data           2  timer.o(.data)
    g_servo_current_ms                       0x2000001e   Data           2  timer.o(.data)
    g_servo_timer_num                        0x20000020   Data           2  timer.o(.data)
    g_claw_current_pulse                     0x20000022   Data           2  timer.o(.data)
    g_claw_target_pulse                      0x20000024   Data           2  timer.o(.data)
    g_joint2_current_pulse                   0x20000026   Data           2  timer.o(.data)
    g_joint2_target_pulse                    0x20000028   Data           2  timer.o(.data)
    g_uart1_rx_buf                           0x20000032   Data           1  uart.o(.data)
    g_uart1_rx_data                          0x20000033   Data           1  uart.o(.data)
    g_uart2_rx_buf                           0x20000034   Data           1  uart.o(.data)
    g_uart2_rx_data                          0x20000035   Data           1  uart.o(.data)
    mode_flag                                0x20000036   Data           1  uart.o(.data)
    g_base_dir                               0x20000037   Data           1  uart.o(.data)
    g_joint2_dir                             0x20000038   Data           1  uart.o(.data)
    g_claw_dir                               0x20000039   Data           1  uart.o(.data)
    g_manual_override                        0x2000003a   Data           1  uart.o(.data)
    g_joint2_angle                           0x20000044   Data           4  uart.o(.data)
    Key_Num                                  0x2000004b   Data           1  key.o(.data)
    hadc1                                    0x2000004c   Data          72  adc.o(.bss)
    htim2                                    0x20000094   Data          72  tim.o(.bss)
    htim3                                    0x200000dc   Data          72  tim.o(.bss)
    htim6                                    0x20000124   Data          72  tim.o(.bss)
    huart1                                   0x2000016c   Data          72  usart.o(.bss)
    huart2                                   0x200001b4   Data          72  usart.o(.bss)
    __libspace_start                         0x200001fc   Data          96  libspace.o(.bss)
    __temporary_stack_top$libspace           0x2000025c   Data           0  libspace.o(.bss)



==============================================================================

Memory Map of the image

  Image Entry point : 0x08000189

  Load Region LR_IROM1 (Base: 0x08000000, Size: 0x00004cc8, Max: 0x00100000, ABSOLUTE)

    Execution Region ER_IROM1 (Exec base: 0x08000000, Load base: 0x08000000, Size: 0x00004c7c, Max: 0x00100000, ABSOLUTE)

    Exec Addr    Load Addr    Size         Type   Attr      Idx    E Section Name        Object

    0x08000000   0x08000000   0x00000188   Data   RO            3    RESET               startup_stm32f407xx.o
    0x08000188   0x08000188   0x00000008   Code   RO         5932  * !!!main             c_w.l(__main.o)
    0x08000190   0x08000190   0x00000034   Code   RO         6573    !!!scatter          c_w.l(__scatter.o)
    0x080001c4   0x080001c4   0x0000001a   Code   RO         6575    !!handler_copy      c_w.l(__scatter_copy.o)
    0x080001de   0x080001de   0x00000002   PAD
    0x080001e0   0x080001e0   0x0000001c   Code   RO         6577    !!handler_zi        c_w.l(__scatter_zi.o)
    0x080001fc   0x080001fc   0x00000000   Code   RO         6070    .ARM.Collect$$_printf_percent$$00000000  c_w.l(_printf_percent.o)
    0x080001fc   0x080001fc   0x00000006   Code   RO         6059    .ARM.Collect$$_printf_percent$$00000001  c_w.l(_printf_n.o)
    0x08000202   0x08000202   0x00000006   Code   RO         6061    .ARM.Collect$$_printf_percent$$00000002  c_w.l(_printf_p.o)
    0x08000208   0x08000208   0x00000006   Code   RO         6066    .ARM.Collect$$_printf_percent$$00000003  c_w.l(_printf_f.o)
    0x0800020e   0x0800020e   0x00000006   Code   RO         6067    .ARM.Collect$$_printf_percent$$00000004  c_w.l(_printf_e.o)
    0x08000214   0x08000214   0x00000006   Code   RO         6068    .ARM.Collect$$_printf_percent$$00000005  c_w.l(_printf_g.o)
    0x0800021a   0x0800021a   0x00000006   Code   RO         6069    .ARM.Collect$$_printf_percent$$00000006  c_w.l(_printf_a.o)
    0x08000220   0x08000220   0x0000000a   Code   RO         6074    .ARM.Collect$$_printf_percent$$00000007  c_w.l(_printf_ll.o)
    0x0800022a   0x0800022a   0x00000006   Code   RO         6063    .ARM.Collect$$_printf_percent$$00000008  c_w.l(_printf_i.o)
    0x08000230   0x08000230   0x00000006   Code   RO         6064    .ARM.Collect$$_printf_percent$$00000009  c_w.l(_printf_d.o)
    0x08000236   0x08000236   0x00000006   Code   RO         6065    .ARM.Collect$$_printf_percent$$0000000A  c_w.l(_printf_u.o)
    0x0800023c   0x0800023c   0x00000006   Code   RO         6062    .ARM.Collect$$_printf_percent$$0000000B  c_w.l(_printf_o.o)
    0x08000242   0x08000242   0x00000006   Code   RO         6060    .ARM.Collect$$_printf_percent$$0000000C  c_w.l(_printf_x.o)
    0x08000248   0x08000248   0x00000006   Code   RO         6071    .ARM.Collect$$_printf_percent$$0000000D  c_w.l(_printf_lli.o)
    0x0800024e   0x0800024e   0x00000006   Code   RO         6072    .ARM.Collect$$_printf_percent$$0000000E  c_w.l(_printf_lld.o)
    0x08000254   0x08000254   0x00000006   Code   RO         6073    .ARM.Collect$$_printf_percent$$0000000F  c_w.l(_printf_llu.o)
    0x0800025a   0x0800025a   0x00000006   Code   RO         6078    .ARM.Collect$$_printf_percent$$00000010  c_w.l(_printf_llo.o)
    0x08000260   0x08000260   0x00000006   Code   RO         6079    .ARM.Collect$$_printf_percent$$00000011  c_w.l(_printf_llx.o)
    0x08000266   0x08000266   0x0000000a   Code   RO         6075    .ARM.Collect$$_printf_percent$$00000012  c_w.l(_printf_l.o)
    0x08000270   0x08000270   0x00000006   Code   RO         6057    .ARM.Collect$$_printf_percent$$00000013  c_w.l(_printf_c.o)
    0x08000276   0x08000276   0x00000006   Code   RO         6058    .ARM.Collect$$_printf_percent$$00000014  c_w.l(_printf_s.o)
    0x0800027c   0x0800027c   0x00000006   Code   RO         6076    .ARM.Collect$$_printf_percent$$00000015  c_w.l(_printf_lc.o)
    0x08000282   0x08000282   0x00000006   Code   RO         6077    .ARM.Collect$$_printf_percent$$00000016  c_w.l(_printf_ls.o)
    0x08000288   0x08000288   0x00000004   Code   RO         6205    .ARM.Collect$$_printf_percent$$00000017  c_w.l(_printf_percent_end.o)
    0x0800028c   0x0800028c   0x00000002   Code   RO         6361    .ARM.Collect$$libinit$$00000000  c_w.l(libinit.o)
    0x0800028e   0x0800028e   0x00000004   Code   RO         6362    .ARM.Collect$$libinit$$00000001  c_w.l(libinit2.o)
    0x08000292   0x08000292   0x00000000   Code   RO         6365    .ARM.Collect$$libinit$$00000004  c_w.l(libinit2.o)
    0x08000292   0x08000292   0x00000000   Code   RO         6368    .ARM.Collect$$libinit$$0000000A  c_w.l(libinit2.o)
    0x08000292   0x08000292   0x00000000   Code   RO         6370    .ARM.Collect$$libinit$$0000000C  c_w.l(libinit2.o)
    0x08000292   0x08000292   0x00000000   Code   RO         6372    .ARM.Collect$$libinit$$0000000E  c_w.l(libinit2.o)
    0x08000292   0x08000292   0x00000006   Code   RO         6373    .ARM.Collect$$libinit$$0000000F  c_w.l(libinit2.o)
    0x08000298   0x08000298   0x00000000   Code   RO         6375    .ARM.Collect$$libinit$$00000011  c_w.l(libinit2.o)
    0x08000298   0x08000298   0x0000000c   Code   RO         6376    .ARM.Collect$$libinit$$00000012  c_w.l(libinit2.o)
    0x080002a4   0x080002a4   0x00000000   Code   RO         6377    .ARM.Collect$$libinit$$00000013  c_w.l(libinit2.o)
    0x080002a4   0x080002a4   0x00000000   Code   RO         6379    .ARM.Collect$$libinit$$00000015  c_w.l(libinit2.o)
    0x080002a4   0x080002a4   0x0000000a   Code   RO         6380    .ARM.Collect$$libinit$$00000016  c_w.l(libinit2.o)
    0x080002ae   0x080002ae   0x00000000   Code   RO         6381    .ARM.Collect$$libinit$$00000017  c_w.l(libinit2.o)
    0x080002ae   0x080002ae   0x00000000   Code   RO         6383    .ARM.Collect$$libinit$$00000019  c_w.l(libinit2.o)
    0x080002ae   0x080002ae   0x00000000   Code   RO         6385    .ARM.Collect$$libinit$$0000001B  c_w.l(libinit2.o)
    0x080002ae   0x080002ae   0x00000000   Code   RO         6387    .ARM.Collect$$libinit$$0000001D  c_w.l(libinit2.o)
    0x080002ae   0x080002ae   0x00000000   Code   RO         6389    .ARM.Collect$$libinit$$0000001F  c_w.l(libinit2.o)
    0x080002ae   0x080002ae   0x00000000   Code   RO         6391    .ARM.Collect$$libinit$$00000021  c_w.l(libinit2.o)
    0x080002ae   0x080002ae   0x00000000   Code   RO         6393    .ARM.Collect$$libinit$$00000023  c_w.l(libinit2.o)
    0x080002ae   0x080002ae   0x00000000   Code   RO         6395    .ARM.Collect$$libinit$$00000025  c_w.l(libinit2.o)
    0x080002ae   0x080002ae   0x00000000   Code   RO         6399    .ARM.Collect$$libinit$$0000002C  c_w.l(libinit2.o)
    0x080002ae   0x080002ae   0x00000000   Code   RO         6401    .ARM.Collect$$libinit$$0000002E  c_w.l(libinit2.o)
    0x080002ae   0x080002ae   0x00000000   Code   RO         6403    .ARM.Collect$$libinit$$00000030  c_w.l(libinit2.o)
    0x080002ae   0x080002ae   0x00000000   Code   RO         6405    .ARM.Collect$$libinit$$00000032  c_w.l(libinit2.o)
    0x080002ae   0x080002ae   0x00000002   Code   RO         6406    .ARM.Collect$$libinit$$00000033  c_w.l(libinit2.o)
    0x080002b0   0x080002b0   0x00000002   Code   RO         6554    .ARM.Collect$$libshutdown$$00000000  c_w.l(libshutdown.o)
    0x080002b2   0x080002b2   0x00000000   Code   RO         6408    .ARM.Collect$$libshutdown$$00000002  c_w.l(libshutdown2.o)
    0x080002b2   0x080002b2   0x00000000   Code   RO         6410    .ARM.Collect$$libshutdown$$00000004  c_w.l(libshutdown2.o)
    0x080002b2   0x080002b2   0x00000000   Code   RO         6412    .ARM.Collect$$libshutdown$$00000006  c_w.l(libshutdown2.o)
    0x080002b2   0x080002b2   0x00000000   Code   RO         6415    .ARM.Collect$$libshutdown$$00000009  c_w.l(libshutdown2.o)
    0x080002b2   0x080002b2   0x00000000   Code   RO         6418    .ARM.Collect$$libshutdown$$0000000C  c_w.l(libshutdown2.o)
    0x080002b2   0x080002b2   0x00000000   Code   RO         6420    .ARM.Collect$$libshutdown$$0000000E  c_w.l(libshutdown2.o)
    0x080002b2   0x080002b2   0x00000000   Code   RO         6423    .ARM.Collect$$libshutdown$$00000011  c_w.l(libshutdown2.o)
    0x080002b2   0x080002b2   0x00000002   Code   RO         6424    .ARM.Collect$$libshutdown$$00000012  c_w.l(libshutdown2.o)
    0x080002b4   0x080002b4   0x00000000   Code   RO         5978    .ARM.Collect$$rtentry$$00000000  c_w.l(__rtentry.o)
    0x080002b4   0x080002b4   0x00000000   Code   RO         6169    .ARM.Collect$$rtentry$$00000002  c_w.l(__rtentry2.o)
    0x080002b4   0x080002b4   0x00000006   Code   RO         6181    .ARM.Collect$$rtentry$$00000004  c_w.l(__rtentry4.o)
    0x080002ba   0x080002ba   0x00000000   Code   RO         6171    .ARM.Collect$$rtentry$$00000009  c_w.l(__rtentry2.o)
    0x080002ba   0x080002ba   0x00000004   Code   RO         6172    .ARM.Collect$$rtentry$$0000000A  c_w.l(__rtentry2.o)
    0x080002be   0x080002be   0x00000000   Code   RO         6174    .ARM.Collect$$rtentry$$0000000C  c_w.l(__rtentry2.o)
    0x080002be   0x080002be   0x00000008   Code   RO         6175    .ARM.Collect$$rtentry$$0000000D  c_w.l(__rtentry2.o)
    0x080002c6   0x080002c6   0x00000002   Code   RO         6432    .ARM.Collect$$rtexit$$00000000  c_w.l(rtexit.o)
    0x080002c8   0x080002c8   0x00000000   Code   RO         6495    .ARM.Collect$$rtexit$$00000002  c_w.l(rtexit2.o)
    0x080002c8   0x080002c8   0x00000004   Code   RO         6496    .ARM.Collect$$rtexit$$00000003  c_w.l(rtexit2.o)
    0x080002cc   0x080002cc   0x00000006   Code   RO         6497    .ARM.Collect$$rtexit$$00000004  c_w.l(rtexit2.o)
    0x080002d2   0x080002d2   0x00000002   PAD
    0x080002d4   0x080002d4   0x00000040   Code   RO            4    .text               startup_stm32f407xx.o
    0x08000314   0x08000314   0x000000ee   Code   RO         5918    .text               c_w.l(lludivv7m.o)
    0x08000402   0x08000402   0x00000002   PAD
    0x08000404   0x08000404   0x00000034   Code   RO         5920    .text               c_w.l(vsnprintf.o)
    0x08000438   0x08000438   0x0000003e   Code   RO         5926    .text               c_w.l(strlen.o)
    0x08000476   0x08000476   0x0000004e   Code   RO         5928    .text               c_w.l(rt_memclr_w.o)
    0x080004c4   0x080004c4   0x00000006   Code   RO         5930    .text               c_w.l(heapauxi.o)
    0x080004ca   0x080004ca   0x0000004e   Code   RO         5987    .text               c_w.l(_printf_pad.o)
    0x08000518   0x08000518   0x00000024   Code   RO         5989    .text               c_w.l(_printf_truncate.o)
    0x0800053c   0x0800053c   0x00000052   Code   RO         5991    .text               c_w.l(_printf_str.o)
    0x0800058e   0x0800058e   0x00000002   PAD
    0x08000590   0x08000590   0x00000078   Code   RO         5993    .text               c_w.l(_printf_dec.o)
    0x08000608   0x08000608   0x00000028   Code   RO         5995    .text               c_w.l(_printf_charcount.o)
    0x08000630   0x08000630   0x00000030   Code   RO         5997    .text               c_w.l(_printf_char_common.o)
    0x08000660   0x08000660   0x0000000a   Code   RO         5999    .text               c_w.l(_sputc.o)
    0x0800066a   0x0800066a   0x00000010   Code   RO         6001    .text               c_w.l(_snputc.o)
    0x0800067a   0x0800067a   0x00000002   PAD
    0x0800067c   0x0800067c   0x000000bc   Code   RO         6005    .text               c_w.l(_printf_wctomb.o)
    0x08000738   0x08000738   0x0000007c   Code   RO         6008    .text               c_w.l(_printf_longlong_dec.o)
    0x080007b4   0x080007b4   0x00000070   Code   RO         6014    .text               c_w.l(_printf_oct_int_ll.o)
    0x08000824   0x08000824   0x00000094   Code   RO         6034    .text               c_w.l(_printf_hex_int_ll_ptr.o)
    0x080008b8   0x080008b8   0x00000188   Code   RO         6054    .text               c_w.l(__printf_flags_ss_wp.o)
    0x08000a40   0x08000a40   0x0000008a   Code   RO         6190    .text               c_w.l(lludiv10.o)
    0x08000aca   0x08000aca   0x000000b2   Code   RO         6192    .text               c_w.l(_printf_intcommon.o)
    0x08000b7c   0x08000b7c   0x0000041e   Code   RO         6194    .text               c_w.l(_printf_fp_dec.o)
    0x08000f9a   0x08000f9a   0x00000002   PAD
    0x08000f9c   0x08000f9c   0x000002fc   Code   RO         6196    .text               c_w.l(_printf_fp_hex.o)
    0x08001298   0x08001298   0x0000002c   Code   RO         6201    .text               c_w.l(_printf_char.o)
    0x080012c4   0x080012c4   0x0000002c   Code   RO         6203    .text               c_w.l(_printf_wchar.o)
    0x080012f0   0x080012f0   0x00000040   Code   RO         6220    .text               c_w.l(_wcrtomb.o)
    0x08001330   0x08001330   0x00000008   Code   RO         6233    .text               c_w.l(libspace.o)
    0x08001338   0x08001338   0x0000004a   Code   RO         6238    .text               c_w.l(sys_stackheap_outer.o)
    0x08001382   0x08001382   0x00000002   PAD
    0x08001384   0x08001384   0x00000010   Code   RO         6240    .text               c_w.l(rt_ctype_table.o)
    0x08001394   0x08001394   0x00000008   Code   RO         6245    .text               c_w.l(rt_locale_intlibspace.o)
    0x0800139c   0x0800139c   0x00000080   Code   RO         6303    .text               c_w.l(_printf_fp_infnan.o)
    0x0800141c   0x0800141c   0x000000e4   Code   RO         6305    .text               c_w.l(bigflt0.o)
    0x08001500   0x08001500   0x00000012   Code   RO         6346    .text               c_w.l(exit.o)
    0x08001512   0x08001512   0x00000002   Code   RO         6429    .text               c_w.l(use_no_semi.o)
    0x08001514   0x08001514   0x00000000   Code   RO         6431    .text               c_w.l(indicate_semi.o)
    0x08001514   0x08001514   0x00000080   Code   RO         6486    .text               c_w.l(strcmpv7m.o)
    0x08001594   0x08001594   0x0000000c   Code   RO         6492    .text               c_w.l(sys_exit.o)
    0x080015a0   0x080015a0   0x0000003e   Code   RO         6308    CL$$btod_d2e        c_w.l(btod.o)
    0x080015de   0x080015de   0x00000046   Code   RO         6310    CL$$btod_d2e_denorm_low  c_w.l(btod.o)
    0x08001624   0x08001624   0x00000060   Code   RO         6309    CL$$btod_d2e_norm_op1  c_w.l(btod.o)
    0x08001684   0x08001684   0x00000338   Code   RO         6318    CL$$btod_div_common  c_w.l(btod.o)
    0x080019bc   0x080019bc   0x000000dc   Code   RO         6315    CL$$btod_e2e        c_w.l(btod.o)
    0x08001a98   0x08001a98   0x0000002a   Code   RO         6312    CL$$btod_ediv       c_w.l(btod.o)
    0x08001ac2   0x08001ac2   0x0000002a   Code   RO         6311    CL$$btod_emul       c_w.l(btod.o)
    0x08001aec   0x08001aec   0x00000244   Code   RO         6317    CL$$btod_mult_common  c_w.l(btod.o)
    0x08001d30   0x08001d30   0x00000128   Code   RO          516    i.ADC_Init          stm32f4xx_hal_adc.o
    0x08001e58   0x08001e58   0x00000002   Code   RO          395    i.BusFault_Handler  stm32f4xx_it.o
    0x08001e5a   0x08001e5a   0x00000002   Code   RO          396    i.DebugMon_Handler  stm32f4xx_it.o
    0x08001e5c   0x08001e5c   0x00000004   Code   RO           13    i.Error_Handler     main.o
    0x08001e60   0x08001e60   0x0000014c   Code   RO          518    i.HAL_ADC_ConfigChannel  stm32f4xx_hal_adc.o
    0x08001fac   0x08001fac   0x00000054   Code   RO          527    i.HAL_ADC_Init      stm32f4xx_hal_adc.o
    0x08002000   0x08002000   0x00000060   Code   RO          246    i.HAL_ADC_MspInit   adc.o
    0x08002060   0x08002060   0x00000092   Code   RO         1349    i.HAL_DMA_Abort     stm32f4xx_hal_dma.o
    0x080020f2   0x080020f2   0x00000024   Code   RO         1350    i.HAL_DMA_Abort_IT  stm32f4xx_hal_dma.o
    0x08002116   0x08002116   0x00000006   Code   RO         5484    i.HAL_Delay         delay.o
    0x0800211c   0x0800211c   0x000001f0   Code   RO         1242    i.HAL_GPIO_Init     stm32f4xx_hal_gpio.o
    0x0800230c   0x0800230c   0x0000000a   Code   RO         1244    i.HAL_GPIO_ReadPin  stm32f4xx_hal_gpio.o
    0x08002316   0x08002316   0x00000010   Code   RO         1245    i.HAL_GPIO_TogglePin  stm32f4xx_hal_gpio.o
    0x08002326   0x08002326   0x0000000a   Code   RO         1246    i.HAL_GPIO_WritePin  stm32f4xx_hal_gpio.o
    0x08002330   0x08002330   0x0000000c   Code   RO         1792    i.HAL_GetTick       stm32f4xx_hal.o
    0x0800233c   0x0800233c   0x00000010   Code   RO         1798    i.HAL_IncTick       stm32f4xx_hal.o
    0x0800234c   0x0800234c   0x00000034   Code   RO         1799    i.HAL_Init          stm32f4xx_hal.o
    0x08002380   0x08002380   0x00000040   Code   RO         1800    i.HAL_InitTick      stm32f4xx_hal.o
    0x080023c0   0x080023c0   0x00000030   Code   RO          489    i.HAL_MspInit       stm32f4xx_hal_msp.o
    0x080023f0   0x080023f0   0x00000022   Code   RO         1633    i.HAL_NVIC_DisableIRQ  stm32f4xx_hal_cortex.o
    0x08002412   0x08002412   0x0000001a   Code   RO         1634    i.HAL_NVIC_EnableIRQ  stm32f4xx_hal_cortex.o
    0x0800242c   0x0800242c   0x00000040   Code   RO         1640    i.HAL_NVIC_SetPriority  stm32f4xx_hal_cortex.o
    0x0800246c   0x0800246c   0x00000024   Code   RO         1641    i.HAL_NVIC_SetPriorityGrouping  stm32f4xx_hal_cortex.o
    0x08002490   0x08002490   0x00000134   Code   RO          888    i.HAL_RCC_ClockConfig  stm32f4xx_hal_rcc.o
    0x080025c4   0x080025c4   0x00000020   Code   RO          895    i.HAL_RCC_GetPCLK1Freq  stm32f4xx_hal_rcc.o
    0x080025e4   0x080025e4   0x00000020   Code   RO          896    i.HAL_RCC_GetPCLK2Freq  stm32f4xx_hal_rcc.o
    0x08002604   0x08002604   0x00000064   Code   RO          897    i.HAL_RCC_GetSysClockFreq  stm32f4xx_hal_rcc.o
    0x08002668   0x08002668   0x0000036c   Code   RO          900    i.HAL_RCC_OscConfig  stm32f4xx_hal_rcc.o
    0x080029d4   0x080029d4   0x00000028   Code   RO         1645    i.HAL_SYSTICK_Config  stm32f4xx_hal_cortex.o
    0x080029fc   0x080029fc   0x00000002   Code   RO         2743    i.HAL_TIMEx_BreakCallback  stm32f4xx_hal_tim_ex.o
    0x080029fe   0x080029fe   0x00000002   Code   RO         2744    i.HAL_TIMEx_CommutCallback  stm32f4xx_hal_tim_ex.o
    0x08002a00   0x08002a00   0x00000090   Code   RO         2762    i.HAL_TIMEx_MasterConfigSynchronization  stm32f4xx_hal_tim_ex.o
    0x08002a90   0x08002a90   0x0000005a   Code   RO         2039    i.HAL_TIM_Base_Init  stm32f4xx_hal_tim.o
    0x08002aea   0x08002aea   0x00000002   PAD
    0x08002aec   0x08002aec   0x0000006c   Code   RO          288    i.HAL_TIM_Base_MspInit  tim.o
    0x08002b58   0x08002b58   0x00000080   Code   RO         2044    i.HAL_TIM_Base_Start_IT  stm32f4xx_hal_tim.o
    0x08002bd8   0x08002bd8   0x000000dc   Code   RO         2048    i.HAL_TIM_ConfigClockSource  stm32f4xx_hal_tim.o
    0x08002cb4   0x08002cb4   0x00000002   Code   RO         2073    i.HAL_TIM_IC_CaptureCallback  stm32f4xx_hal_tim.o
    0x08002cb6   0x08002cb6   0x00000130   Code   RO         2087    i.HAL_TIM_IRQHandler  stm32f4xx_hal_tim.o
    0x08002de6   0x08002de6   0x00000002   PAD
    0x08002de8   0x08002de8   0x000000a4   Code   RO          289    i.HAL_TIM_MspPostInit  tim.o
    0x08002e8c   0x08002e8c   0x00000002   Code   RO         2090    i.HAL_TIM_OC_DelayElapsedCallback  stm32f4xx_hal_tim.o
    0x08002e8e   0x08002e8e   0x000000cc   Code   RO         2111    i.HAL_TIM_PWM_ConfigChannel  stm32f4xx_hal_tim.o
    0x08002f5a   0x08002f5a   0x0000005a   Code   RO         2114    i.HAL_TIM_PWM_Init  stm32f4xx_hal_tim.o
    0x08002fb4   0x08002fb4   0x00000002   Code   RO         2116    i.HAL_TIM_PWM_MspInit  stm32f4xx_hal_tim.o
    0x08002fb6   0x08002fb6   0x00000002   Code   RO         2117    i.HAL_TIM_PWM_PulseFinishedCallback  stm32f4xx_hal_tim.o
    0x08002fb8   0x08002fb8   0x000000c8   Code   RO         2119    i.HAL_TIM_PWM_Start  stm32f4xx_hal_tim.o
    0x08003080   0x08003080   0x000001fc   Code   RO         5607    i.HAL_TIM_PeriodElapsedCallback  timer.o
    0x0800327c   0x0800327c   0x00000002   Code   RO         2130    i.HAL_TIM_TriggerCallback  stm32f4xx_hal_tim.o
    0x0800327e   0x0800327e   0x00000002   Code   RO         3022    i.HAL_UARTEx_RxEventCallback  stm32f4xx_hal_uart.o
    0x08003280   0x08003280   0x00000002   Code   RO         3036    i.HAL_UART_ErrorCallback  stm32f4xx_hal_uart.o
    0x08003282   0x08003282   0x00000002   PAD
    0x08003284   0x08003284   0x00000280   Code   RO         3039    i.HAL_UART_IRQHandler  stm32f4xx_hal_uart.o
    0x08003504   0x08003504   0x00000064   Code   RO         3040    i.HAL_UART_Init     stm32f4xx_hal_uart.o
    0x08003568   0x08003568   0x000000cc   Code   RO          348    i.HAL_UART_MspInit  usart.o
    0x08003634   0x08003634   0x0000001c   Code   RO         3045    i.HAL_UART_Receive_IT  stm32f4xx_hal_uart.o
    0x08003650   0x08003650   0x00000058   Code   RO         5638    i.HAL_UART_RxCpltCallback  uart.o
    0x080036a8   0x080036a8   0x000000a0   Code   RO         3048    i.HAL_UART_Transmit  stm32f4xx_hal_uart.o
    0x08003748   0x08003748   0x00000002   Code   RO         3051    i.HAL_UART_TxCpltCallback  stm32f4xx_hal_uart.o
    0x0800374a   0x0800374a   0x00000002   Code   RO          397    i.HardFault_Handler  stm32f4xx_it.o
    0x0800374c   0x0800374c   0x0000002c   Code   RO         5639    i.Hold_180          uart.o
    0x08003778   0x08003778   0x0000002c   Code   RO         5640    i.Hold_270          uart.o
    0x080037a4   0x080037a4   0x00000014   Code   RO         5769    i.Key_GetNum        key.o
    0x080037b8   0x080037b8   0x00000038   Code   RO         5770    i.Key_GetState      key.o
    0x080037f0   0x080037f0   0x00000030   Code   RO         5771    i.Key_Tick          key.o
    0x08003820   0x08003820   0x00000064   Code   RO          247    i.MX_ADC1_Init      adc.o
    0x08003884   0x08003884   0x000000c8   Code   RO          221    i.MX_GPIO_Init      gpio.o
    0x0800394c   0x0800394c   0x000000b8   Code   RO          290    i.MX_TIM2_Init      tim.o
    0x08003a04   0x08003a04   0x000000b8   Code   RO          291    i.MX_TIM3_Init      tim.o
    0x08003abc   0x08003abc   0x00000044   Code   RO          292    i.MX_TIM6_Init      tim.o
    0x08003b00   0x08003b00   0x00000038   Code   RO          349    i.MX_USART1_UART_Init  usart.o
    0x08003b38   0x08003b38   0x00000038   Code   RO          350    i.MX_USART2_UART_Init  usart.o
    0x08003b70   0x08003b70   0x00000002   Code   RO          398    i.MemManage_Handler  stm32f4xx_it.o
    0x08003b72   0x08003b72   0x00000002   Code   RO          399    i.NMI_Handler       stm32f4xx_it.o
    0x08003b74   0x08003b74   0x00000002   Code   RO          400    i.PendSV_Handler    stm32f4xx_it.o
    0x08003b76   0x08003b76   0x00000002   Code   RO          401    i.SVC_Handler       stm32f4xx_it.o
    0x08003b78   0x08003b78   0x00000020   Code   RO         5720    i.Servo_360mode     servo.o
    0x08003b98   0x08003b98   0x00000034   Code   RO         5721    i.Servo_Cancel_Timed  servo.o
    0x08003bcc   0x08003bcc   0x00000074   Code   RO         5722    i.Servo_Rotate_Angle_Timed  servo.o
    0x08003c40   0x08003c40   0x00000004   Code   RO          402    i.SysTick_Handler   stm32f4xx_it.o
    0x08003c44   0x08003c44   0x00000094   Code   RO           14    i.SystemClock_Config  main.o
    0x08003cd8   0x08003cd8   0x00000010   Code   RO         3374    i.SystemInit        system_stm32f4xx.o
    0x08003ce8   0x08003ce8   0x0000000c   Code   RO          403    i.TIM6_DAC_IRQHandler  stm32f4xx_it.o
    0x08003cf4   0x08003cf4   0x000000d0   Code   RO         2132    i.TIM_Base_SetConfig  stm32f4xx_hal_tim.o
    0x08003dc4   0x08003dc4   0x0000001a   Code   RO         2133    i.TIM_CCxChannelCmd  stm32f4xx_hal_tim.o
    0x08003dde   0x08003dde   0x00000014   Code   RO         2143    i.TIM_ETR_SetConfig  stm32f4xx_hal_tim.o
    0x08003df2   0x08003df2   0x00000010   Code   RO         2144    i.TIM_ITRx_SetConfig  stm32f4xx_hal_tim.o
    0x08003e02   0x08003e02   0x00000002   PAD
    0x08003e04   0x08003e04   0x00000060   Code   RO         2145    i.TIM_OC1_SetConfig  stm32f4xx_hal_tim.o
    0x08003e64   0x08003e64   0x0000006c   Code   RO         2146    i.TIM_OC2_SetConfig  stm32f4xx_hal_tim.o
    0x08003ed0   0x08003ed0   0x00000068   Code   RO         2147    i.TIM_OC3_SetConfig  stm32f4xx_hal_tim.o
    0x08003f38   0x08003f38   0x00000050   Code   RO         2148    i.TIM_OC4_SetConfig  stm32f4xx_hal_tim.o
    0x08003f88   0x08003f88   0x00000022   Code   RO         2150    i.TIM_TI1_ConfigInputStage  stm32f4xx_hal_tim.o
    0x08003faa   0x08003faa   0x00000024   Code   RO         2152    i.TIM_TI2_ConfigInputStage  stm32f4xx_hal_tim.o
    0x08003fce   0x08003fce   0x00000002   PAD
    0x08003fd0   0x08003fd0   0x00000030   Code   RO         5642    i.UART2_Printf      uart.o
    0x08004000   0x08004000   0x0000000e   Code   RO         3053    i.UART_DMAAbortOnError  stm32f4xx_hal_uart.o
    0x0800400e   0x0800400e   0x0000004e   Code   RO         3063    i.UART_EndRxTransfer  stm32f4xx_hal_uart.o
    0x0800405c   0x0800405c   0x000000c2   Code   RO         3065    i.UART_Receive_IT   stm32f4xx_hal_uart.o
    0x0800411e   0x0800411e   0x00000002   PAD
    0x08004120   0x08004120   0x0000010c   Code   RO         3066    i.UART_SetConfig    stm32f4xx_hal_uart.o
    0x0800422c   0x0800422c   0x00000036   Code   RO         3068    i.UART_Start_Receive_IT  stm32f4xx_hal_uart.o
    0x08004262   0x08004262   0x00000072   Code   RO         3069    i.UART_WaitOnFlagUntilTimeout  stm32f4xx_hal_uart.o
    0x080042d4   0x080042d4   0x0000000c   Code   RO          404    i.USART1_IRQHandler  stm32f4xx_it.o
    0x080042e0   0x080042e0   0x0000000c   Code   RO          405    i.USART2_IRQHandler  stm32f4xx_it.o
    0x080042ec   0x080042ec   0x00000002   Code   RO          406    i.UsageFault_Handler  stm32f4xx_it.o
    0x080042ee   0x080042ee   0x00000002   PAD
    0x080042f0   0x080042f0   0x00000050   Code   RO         5643    i.Vision_FeedByte   uart.o
    0x08004340   0x08004340   0x000001b0   Code   RO         5644    i.Vision_HandleFrame  uart.o
    0x080044f0   0x080044f0   0x00000030   Code   RO         6151    i.__ARM_fpclassify  m_wm.l(fpclassify.o)
    0x08004520   0x08004520   0x00000020   Code   RO         1647    i.__NVIC_SetPriority  stm32f4xx_hal_cortex.o
    0x08004540   0x08004540   0x0000000e   Code   RO         6047    i._is_digit         c_w.l(__printf_wp.o)
    0x0800454e   0x0800454e   0x0000000a   Code   RO         5813    i.base_rotate_backward  movement.o
    0x08004558   0x08004558   0x0000000a   Code   RO         5814    i.base_rotate_forward  movement.o
    0x08004562   0x08004562   0x0000000a   Code   RO         5815    i.base_stop         movement.o
    0x0800456c   0x0800456c   0x00000080   Code   RO         5816    i.claw_set_angle    movement.o
    0x080045ec   0x080045ec   0x00000036   Code   RO         5486    i.delay_ms          delay.o
    0x08004622   0x08004622   0x00000002   PAD
    0x08004624   0x08004624   0x00000034   Code   RO         5487    i.delay_us          delay.o
    0x08004658   0x08004658   0x0000000c   Code   RO         5819    i.joint2_reset      movement.o
    0x08004664   0x08004664   0x00000080   Code   RO         5820    i.joint2_set_angle  movement.o
    0x080046e4   0x080046e4   0x0000023c   Code   RO           15    i.main              main.o
    0x08004920   0x08004920   0x00000090   Code   RO         5645    i.process_bluetooth_command  uart.o
    0x080049b0   0x080049b0   0x0000002c   Code   RO         6344    locale$$code        c_w.l(lc_numeric_c.o)
    0x080049dc   0x080049dc   0x0000002c   Code   RO         6474    locale$$code        c_w.l(lc_ctype_c.o)
    0x08004a08   0x08004a08   0x0000000a   Code   RO         6490    x$fpl$fpinit        fz_wm.l(fpinit.o)
    0x08004a12   0x08004a12   0x00000004   Code   RO         6108    x$fpl$printf1       fz_wm.l(printf1.o)
    0x08004a16   0x08004a16   0x00000004   Code   RO         6110    x$fpl$printf2       fz_wm.l(printf2.o)
    0x08004a1a   0x08004a1a   0x00000000   Code   RO         6116    x$fpl$usenofp       fz_wm.l(usenofp.o)
    0x08004a1a   0x08004a1a   0x00000010   Data   RO         3375    .constdata          system_stm32f4xx.o
    0x08004a2a   0x08004a2a   0x00000008   Data   RO         3376    .constdata          system_stm32f4xx.o
    0x08004a32   0x08004a32   0x00000002   PAD
    0x08004a34   0x08004a34   0x00000008   Data   RO         6006    .constdata          c_w.l(_printf_wctomb.o)
    0x08004a3c   0x08004a3c   0x00000028   Data   RO         6035    .constdata          c_w.l(_printf_hex_int_ll_ptr.o)
    0x08004a64   0x08004a64   0x00000011   Data   RO         6055    .constdata          c_w.l(__printf_flags_ss_wp.o)
    0x08004a75   0x08004a75   0x00000026   Data   RO         6197    .constdata          c_w.l(_printf_fp_hex.o)
    0x08004a9b   0x08004a9b   0x00000001   PAD
    0x08004a9c   0x08004a9c   0x00000094   Data   RO         6306    .constdata          c_w.l(bigflt0.o)
    0x08004b30   0x08004b30   0x00000020   Data   RO         6571    Region$$Table       anon$$obj.o
    0x08004b50   0x08004b50   0x0000001c   Data   RO         6343    locale$$data        c_w.l(lc_numeric_c.o)
    0x08004b6c   0x08004b6c   0x00000110   Data   RO         6473    locale$$data        c_w.l(lc_ctype_c.o)


    Execution Region RW_IRAM1 (Exec base: 0x20000000, Load base: 0x08004c7c, Size: 0x00000860, Max: 0x00020000, ABSOLUTE)

    Exec Addr    Load Addr    Size         Type   Attr      Idx    E Section Name        Object

    0x20000000   0x08004c7c   0x00000001   Data   RW           16    .data               main.o
    0x20000001   0x08004c7d   0x00000003   PAD
    0x20000004   0x08004c80   0x0000000c   Data   RW         1806    .data               stm32f4xx_hal.o
    0x20000010   0x08004c8c   0x00000004   Data   RW         3377    .data               system_stm32f4xx.o
    0x20000014   0x08004c90   0x00000004   Data   RW         5488    .data               delay.o
    0x20000018   0x08004c94   0x0000001a   Data   RW         5608    .data               timer.o
    0x20000032   0x08004cae   0x00000012   Data   RW         5646    .data               uart.o
    0x20000044   0x08004cc0   0x00000004   Data   RW         5647    .data               uart.o
    0x20000048   0x08004cc4   0x00000004   Data   RW         5772    .data               key.o
    0x2000004c        -       0x00000048   Zero   RW          248    .bss                adc.o
    0x20000094        -       0x000000d8   Zero   RW          293    .bss                tim.o
    0x2000016c        -       0x00000090   Zero   RW          351    .bss                usart.o
    0x200001fc        -       0x00000060   Zero   RW         6234    .bss                c_w.l(libspace.o)
    0x2000025c   0x08004cc8   0x00000004   PAD
    0x20000260        -       0x00000200   Zero   RW            2    HEAP                startup_stm32f407xx.o
    0x20000460        -       0x00000400   Zero   RW            1    STACK               startup_stm32f407xx.o


==============================================================================

Image component sizes


      Code (inc. data)   RO Data    RW Data    ZI Data      Debug   Object Name

       196         24          0          0         72       1813   adc.o
       112          4          0          4          0       2082   delay.o
       200         14          0          0          0       1079   gpio.o
       124         16          0          4          0       1965   key.o
       724        318          0          1          0     707085   main.o
       298         72          0          0          0       4286   movement.o
       200         42          0          0          0       2664   servo.o
        64         26        392          0       1536        860   startup_stm32f407xx.o
       144         24          0         12          0       8921   stm32f4xx_hal.o
       712         28          0          0          0     703975   stm32f4xx_hal_adc.o
       232         14          0          0          0      34685   stm32f4xx_hal_cortex.o
       182          0          0          0          0       2163   stm32f4xx_hal_dma.o
       532         46          0          0          0       3608   stm32f4xx_hal_gpio.o
        48          6          0          0          0        914   stm32f4xx_hal_msp.o
      1348         76          0          0          0       5392   stm32f4xx_hal_rcc.o
      1974        136          0          0          0      17570   stm32f4xx_hal_tim.o
       148         28          0          0          0       2577   stm32f4xx_hal_tim_ex.o
      1656         14          0          0          0      11732   stm32f4xx_hal_uart.o
        56         18          0          0          0       5908   stm32f4xx_it.o
        16          4         24          4          0       1195   system_stm32f4xx.o
       708         54          0          0        216       4162   tim.o
       508         46          0         26          0       2982   timer.o
       880        162          0         22          0       6975   uart.o
       316         36          0          0        144       2571   usart.o

    ----------------------------------------------------------------------
     11394       1208        450         76       1968    1537164   Object Totals
         0          0         32          0          0          0   (incl. Generated)
        16          0          2          3          0          0   (incl. Padding)

    ----------------------------------------------------------------------

      Code (inc. data)   RO Data    RW Data    ZI Data      Debug   Library Member Name

         8          0          0          0          0         68   __main.o
       392          4         17          0          0         92   __printf_flags_ss_wp.o
        14          0          0          0          0         68   __printf_wp.o
         0          0          0          0          0          0   __rtentry.o
        12          0          0          0          0          0   __rtentry2.o
         6          0          0          0          0          0   __rtentry4.o
        52          8          0          0          0          0   __scatter.o
        26          0          0          0          0          0   __scatter_copy.o
        28          0          0          0          0          0   __scatter_zi.o
         6          0          0          0          0          0   _printf_a.o
         6          0          0          0          0          0   _printf_c.o
        44          0          0          0          0        108   _printf_char.o
        48          6          0          0          0         96   _printf_char_common.o
        40          0          0          0          0         68   _printf_charcount.o
         6          0          0          0          0          0   _printf_d.o
       120         16          0          0          0         92   _printf_dec.o
         6          0          0          0          0          0   _printf_e.o
         6          0          0          0          0          0   _printf_f.o
      1054          0          0          0          0        216   _printf_fp_dec.o
       764          8         38          0          0        100   _printf_fp_hex.o
       128         16          0          0          0         84   _printf_fp_infnan.o
         6          0          0          0          0          0   _printf_g.o
       148          4         40          0          0        160   _printf_hex_int_ll_ptr.o
         6          0          0          0          0          0   _printf_i.o
       178          0          0          0          0         88   _printf_intcommon.o
        10          0          0          0          0          0   _printf_l.o
         6          0          0          0          0          0   _printf_lc.o
        10          0          0          0          0          0   _printf_ll.o
         6          0          0          0          0          0   _printf_lld.o
         6          0          0          0          0          0   _printf_lli.o
         6          0          0          0          0          0   _printf_llo.o
         6          0          0          0          0          0   _printf_llu.o
         6          0          0          0          0          0   _printf_llx.o
       124         16          0          0          0         92   _printf_longlong_dec.o
         6          0          0          0          0          0   _printf_ls.o
         6          0          0          0          0          0   _printf_n.o
         6          0          0          0          0          0   _printf_o.o
       112         10          0          0          0        124   _printf_oct_int_ll.o
         6          0          0          0          0          0   _printf_p.o
        78          0          0          0          0        108   _printf_pad.o
         0          0          0          0          0          0   _printf_percent.o
         4          0          0          0          0          0   _printf_percent_end.o
         6          0          0          0          0          0   _printf_s.o
        82          0          0          0          0         80   _printf_str.o
        36          0          0          0          0         84   _printf_truncate.o
         6          0          0          0          0          0   _printf_u.o
        44          0          0          0          0        108   _printf_wchar.o
       188          6          8          0          0         92   _printf_wctomb.o
         6          0          0          0          0          0   _printf_x.o
        16          0          0          0          0         68   _snputc.o
        10          0          0          0          0         68   _sputc.o
        64          0          0          0          0         92   _wcrtomb.o
       228          4        148          0          0         96   bigflt0.o
      1936        128          0          0          0        672   btod.o
        18          0          0          0          0         80   exit.o
         6          0          0          0          0        152   heapauxi.o
         0          0          0          0          0          0   indicate_semi.o
        44         10        272          0          0         76   lc_ctype_c.o
        44         10         28          0          0         76   lc_numeric_c.o
         2          0          0          0          0          0   libinit.o
        34          0          0          0          0          0   libinit2.o
         2          0          0          0          0          0   libshutdown.o
         2          0          0          0          0          0   libshutdown2.o
         8          4          0          0         96         68   libspace.o
       138          0          0          0          0         80   lludiv10.o
       238          0          0          0          0        100   lludivv7m.o
        16          4          0          0          0         76   rt_ctype_table.o
         8          4          0          0          0         68   rt_locale_intlibspace.o
        78          0          0          0          0         80   rt_memclr_w.o
         2          0          0          0          0          0   rtexit.o
        10          0          0          0          0          0   rtexit2.o
       128          0          0          0          0         68   strcmpv7m.o
        62          0          0          0          0         76   strlen.o
        12          4          0          0          0         68   sys_exit.o
        74          0          0          0          0         80   sys_stackheap_outer.o
         2          0          0          0          0         68   use_no_semi.o
        52          4          0          0          0         80   vsnprintf.o
        10          0          0          0          0        116   fpinit.o
         4          0          0          0          0        116   printf1.o
         4          0          0          0          0        116   printf2.o
         0          0          0          0          0          0   usenofp.o
        48          0          0          0          0        124   fpclassify.o

    ----------------------------------------------------------------------
      7184        266        552          0        100       4692   Library Totals
        14          0          1          0          4          0   (incl. Padding)

    ----------------------------------------------------------------------

      Code (inc. data)   RO Data    RW Data    ZI Data      Debug   Library Name

      7104        266        551          0         96       4220   c_w.l
        18          0          0          0          0        348   fz_wm.l
        48          0          0          0          0        124   m_wm.l

    ----------------------------------------------------------------------
      7184        266        552          0        100       4692   Library Totals

    ----------------------------------------------------------------------

==============================================================================


      Code (inc. data)   RO Data    RW Data    ZI Data      Debug   

     18578       1474       1002         76       2068    1528668   Grand Totals
     18578       1474       1002         76       2068    1528668   ELF Image Totals
     18578       1474       1002         76          0          0   ROM Totals

==============================================================================

    Total RO  Size (Code + RO Data)                19580 (  19.12kB)
    Total RW  Size (RW Data + ZI Data)              2144 (   2.09kB)
    Total ROM Size (Code + RO Data + RW Data)      19656 (  19.20kB)

==============================================================================

